Archive member included to satisfy reference by file (symbol)

./libs/capsense/COMPONENT_SOFTFP/TOOLCHAIN_GCC_ARM/libcy_capsense.a(cy_capsense_smartsense_hw_lib.o)
                              D:/Project_Cypress/Task_Cypress_Zmysnyi/build/CY8CPROTO-062-4343W/Debug/libs/capsense/cy_capsense_sensing.o (Cy_CapSense_TunePrescalers_Lib)
./libs/capsense/COMPONENT_SOFTFP/TOOLCHAIN_GCC_ARM/libcy_capsense.a(cy_capsense_gesture_lib.o)
                              D:/Project_Cypress/Task_Cypress_Zmysnyi/build/CY8CPROTO-062-4343W/Debug/libs/capsense/cy_capsense_processing.o (Cy_CapSense_Gesture_ResetState)
./libs/capsense/COMPONENT_SOFTFP/TOOLCHAIN_GCC_ARM/libcy_capsense.a(cy_capsense_advanced_centroid_lib.o)
                              D:/Project_Cypress/Task_Cypress_Zmysnyi/build/CY8CPROTO-062-4343W/Debug/libs/capsense/cy_capsense_centroid.o (Cy_CapSense_AdvancedCentroidGetTouchCoordinates_Lib)
./libs/capsense/COMPONENT_SOFTFP/TOOLCHAIN_GCC_ARM/libcy_capsense.a(cy_capsense_smartsense_fw_lib.o)
                              D:/Project_Cypress/Task_Cypress_Zmysnyi/build/CY8CPROTO-062-4343W/Debug/libs/capsense/cy_capsense_processing.o (Cy_CapSense_UpdateThresholds_Lib)
c:/users/sony/modustoolbox/tools_2.0/gcc-7.2.1/bin/../lib/gcc/arm-none-eabi/7.2.1/thumb/v7e-m/fpv4-sp/softfp\libgcc.a(_udivsi3.o)
                              ./libs/capsense/COMPONENT_SOFTFP/TOOLCHAIN_GCC_ARM/libcy_capsense.a(cy_capsense_smartsense_hw_lib.o) (__aeabi_uidiv)
c:/users/sony/modustoolbox/tools_2.0/gcc-7.2.1/bin/../lib/gcc/arm-none-eabi/7.2.1/thumb/v7e-m/fpv4-sp/softfp\libgcc.a(_divsi3.o)
                              ./libs/capsense/COMPONENT_SOFTFP/TOOLCHAIN_GCC_ARM/libcy_capsense.a(cy_capsense_advanced_centroid_lib.o) (__aeabi_idiv)
c:/users/sony/modustoolbox/tools_2.0/gcc-7.2.1/bin/../lib/gcc/arm-none-eabi/7.2.1/thumb/v7e-m/fpv4-sp/softfp\libgcc.a(_dvmd_tls.o)
                              c:/users/sony/modustoolbox/tools_2.0/gcc-7.2.1/bin/../lib/gcc/arm-none-eabi/7.2.1/thumb/v7e-m/fpv4-sp/softfp\libgcc.a(_udivsi3.o) (__aeabi_idiv0)
c:/users/sony/modustoolbox/tools_2.0/gcc-7.2.1/bin/../lib/gcc/arm-none-eabi/7.2.1/thumb/v7e-m/fpv4-sp/softfp\libgcc.a(_arm_addsubdf3.o)
                              D:/Project_Cypress/Task_Cypress_Zmysnyi/build/CY8CPROTO-062-4343W/Debug/libs/psoc6hal/src/cyhal_spi.o (__aeabi_dsub)
c:/users/sony/modustoolbox/tools_2.0/gcc-7.2.1/bin/../lib/gcc/arm-none-eabi/7.2.1/thumb/v7e-m/fpv4-sp/softfp\libgcc.a(_arm_muldivdf3.o)
                              D:/Project_Cypress/Task_Cypress_Zmysnyi/build/CY8CPROTO-062-4343W/Debug/main.o (__aeabi_dmul)
c:/users/sony/modustoolbox/tools_2.0/gcc-7.2.1/bin/../lib/gcc/arm-none-eabi/7.2.1/thumb/v7e-m/fpv4-sp/softfp\libgcc.a(_arm_fixunsdfsi.o)
                              D:/Project_Cypress/Task_Cypress_Zmysnyi/build/CY8CPROTO-062-4343W/Debug/libs/psoc6hal/src/cyhal_spi.o (__aeabi_d2uiz)
c:/users/sony/modustoolbox/tools_2.0/gcc-7.2.1/bin/../lib/gcc/arm-none-eabi/7.2.1/thumb/v7e-m/fpv4-sp/softfp\libgcc.a(_arm_truncdfsf2.o)
                              D:/Project_Cypress/Task_Cypress_Zmysnyi/build/CY8CPROTO-062-4343W/Debug/main.o (__aeabi_d2f)
c:/users/sony/modustoolbox/tools_2.0/gcc-7.2.1/bin/../lib/gcc/arm-none-eabi/7.2.1/thumb/v7e-m/fpv4-sp/softfp\libgcc.a(_aeabi_ldivmod.o)
                              D:/Project_Cypress/Task_Cypress_Zmysnyi/build/CY8CPROTO-062-4343W/Debug/libs/psoc6pdl/drivers/source/cy_sar.o (__aeabi_ldivmod)
c:/users/sony/modustoolbox/tools_2.0/gcc-7.2.1/bin/../lib/gcc/arm-none-eabi/7.2.1/thumb/v7e-m/fpv4-sp/softfp\libgcc.a(_aeabi_uldivmod.o)
                              D:/Project_Cypress/Task_Cypress_Zmysnyi/build/CY8CPROTO-062-4343W/Debug/libs/psoc6hal/src/cyhal_pwm.o (__aeabi_uldivmod)
c:/users/sony/modustoolbox/tools_2.0/gcc-7.2.1/bin/../lib/gcc/arm-none-eabi/7.2.1/thumb/v7e-m/fpv4-sp/softfp\libgcc.a(_udivmoddi4.o)
                              c:/users/sony/modustoolbox/tools_2.0/gcc-7.2.1/bin/../lib/gcc/arm-none-eabi/7.2.1/thumb/v7e-m/fpv4-sp/softfp\libgcc.a(_aeabi_ldivmod.o) (__udivmoddi4)
c:/users/sony/modustoolbox/tools_2.0/gcc-7.2.1/bin/../lib/gcc/arm-none-eabi/7.2.1/../../../../arm-none-eabi/lib/thumb/v7e-m/fpv4-sp/softfp\libg_nano.a(lib_a-exit.o)
                              c:/users/sony/modustoolbox/tools_2.0/gcc-7.2.1/bin/../lib/gcc/arm-none-eabi/7.2.1/../../../../arm-none-eabi/lib/thumb/v7e-m/fpv4-sp/softfp/crt0.o (exit)
c:/users/sony/modustoolbox/tools_2.0/gcc-7.2.1/bin/../lib/gcc/arm-none-eabi/7.2.1/../../../../arm-none-eabi/lib/thumb/v7e-m/fpv4-sp/softfp\libg_nano.a(lib_a-fini.o)
                              D:/Project_Cypress/Task_Cypress_Zmysnyi/build/CY8CPROTO-062-4343W/Debug/libs/TARGET_CY8CPROTO-062-4343W/startup/TOOLCHAIN_GCC_ARM/startup_psoc6_02_cm4.o (__libc_fini_array)
c:/users/sony/modustoolbox/tools_2.0/gcc-7.2.1/bin/../lib/gcc/arm-none-eabi/7.2.1/../../../../arm-none-eabi/lib/thumb/v7e-m/fpv4-sp/softfp\libg_nano.a(lib_a-impure.o)
[...]
Memory Configuration

Name             Origin             Length             Attributes
ram              0x08002000         0x000fd800         xrw
flash            0x10000000         0x00200000         xr
em_eeprom        0x14000000         0x00008000         xr
sflash_user_data 0x16000800         0x00000800         xr
sflash_nar       0x16001a00         0x00000200         xr
sflash_public_key 0x16005a00         0x00000c00         xr
sflash_toc_2     0x16007c00         0x00000200         xr
sflash_rtoc_2    0x16007e00         0x00000200         xr
xip              0x18000000         0x08000000         xr
efuse            0x90700000         0x00100000         r
*default*        0x00000000         0xffffffff

Linker script and memory map

LOAD c:/users/sony/modustoolbox/tools_2.0/gcc-7.2.1/bin/../lib/gcc/arm-none-eabi/7.2.1/thumb/v7e-m/fpv4-sp/softfp/crti.o
LOAD c:/users/sony/modustoolbox/tools_2.0/gcc-7.2.1/bin/../lib/gcc/arm-none-eabi/7.2.1/thumb/v7e-m/fpv4-sp/softfp/crtbegin.o
LOAD c:/users/sony/modustoolbox/tools_2.0/gcc-7.2.1/bin/../lib/gcc/arm-none-eabi/7.2.1/../../../../arm-none-eabi/lib/thumb/v7e-m/fpv4-sp/softfp/crt0.o
LOAD D:/Project_Cypress/Task_Cypress_Zmysnyi/build/CY8CPROTO-062-4343W/Debug/libs/TARGET_CY8CPROTO-062-4343W/startup/TOOLCHAIN_GCC_ARM/startup_psoc6_02_cm4.o
LOAD D:/Project_Cypress/Task_Cypress_Zmysnyi/build/CY8CPROTO-062-4343W/Debug/libs/psoc6pdl/drivers/source/TOOLCHAIN_GCC_ARM/cy_syslib_gcc.o
LOAD D:/Project_Cypress/Task_Cypress_Zmysnyi/build/CY8CPROTO-062-4343W/Debug/libs/TARGET_CY8CPROTO-062-4343W/COMPONENT_BSP_DESIGN_MODUS/GeneratedSource/cycfg.o
LOAD D:/Project_Cypress/Task_Cypress_Zmysnyi/build/CY8CPROTO-062-4343W/Debug/libs/TARGET_CY8CPROTO-062-4343W/COMPONENT_BSP_DESIGN_MODUS/GeneratedSource/cycfg_capsense.o
LOAD D:/Project_Cypress/Task_Cypress_Zmysnyi/build/CY8CPROTO-062-4343W/Debug/libs/TARGET_CY8CPROTO-062-4343W/COMPONENT_BSP_DESIGN_MODUS/GeneratedSource/cycfg_clocks.o
LOAD D:/Project_Cypress/Task_Cypress_Zmysnyi/build/CY8CPROTO-062-4343W/Debug/libs/TARGET_CY8CPROTO-062-4343W/COMPONENT_BSP_DESIGN_MODUS/GeneratedSource/cycfg_peripherals.o
LOAD D:/Project_Cypress/Task_Cypress_Zmysnyi/build/CY8CPROTO-062-4343W/Debug/libs/TARGET_CY8CPROTO-062-4343W/COMPONENT_BSP_DESIGN_MODUS/GeneratedSource/cycfg_pins.o
LOAD D:/Project_Cypress/Task_Cypress_Zmysnyi/build/CY8CPROTO-062-4343W/Debug/libs/TARGET_CY8CPROTO-062-4343W/COMPONENT_BSP_DESIGN_MODUS/GeneratedSource/cycfg_qspi_memslot.o
LOAD D:/Project_Cypress/Task_Cypress_Zmysnyi/build/CY8CPROTO-062-4343W/Debug/libs/TARGET_CY8CPROTO-062-4343W/COMPONENT_BSP_DESIGN_MODUS/GeneratedSource/cycfg_routing.o
LOAD D:/Project_Cypress/Task_Cypress_Zmysnyi/build/CY8CPROTO-062-4343W/Debug/libs/TARGET_CY8CPROTO-062-4343W/COMPONENT_BSP_DESIGN_MODUS/GeneratedSource/cycfg_system.o
LOAD D:/Project_Cypress/Task_Cypress_Zmysnyi/build/CY8CPROTO-062-4343W/Debug/libs/TARGET_CY8CPROTO-062-4343W/cybsp.o
LOAD D:/Project_Cypress/Task_Cypress_Zmysnyi/build/CY8CPROTO-062-4343W/Debug/libs/TARGET_CY8CPROTO-062-4343W/startup/system_psoc6_cm4.o
LOAD D:/Project_Cypress/Task_Cypress_Zmysnyi/build/CY8CPROTO-062-4343W/Debug/libs/capsense/cy_capsense_centroid.o
LOAD D:/Project_Cypress/Task_Cypress_Zmysnyi/build/CY8CPROTO-062-4343W/Debug/libs/capsense/cy_capsense_control.o
LOAD D:/Project_Cypress/Task_Cypress_Zmysnyi/build/CY8CPROTO-062-4343W/Debug/libs/capsense/cy_capsense_csd.o
LOAD D:/Project_Cypress/Task_Cypress_Zmysnyi/build/CY8CPROTO-062-4343W/Debug/libs/capsense/cy_capsense_csx.o
LOAD D:/Project_Cypress/Task_Cypress_Zmysnyi/build/CY8CPROTO-062-4343W/Debug/libs/capsense/cy_capsense_filter.o
LOAD D:/Project_Cypress/Task_Cypress_Zmysnyi/build/CY8CPROTO-062-4343W/Debug/libs/capsense/cy_capsense_processing.o
LOAD D:/Project_Cypress/Task_Cypress_Zmysnyi/build/CY8CPROTO-062-4343W/Debug/libs/capsense/cy_capsense_sensing.o
LOAD D:/Project_Cypress/Task_Cypress_Zmysnyi/build/CY8CPROTO-062-4343W/Debug/libs/capsense/cy_capsense_structure.o
LOAD D:/Project_Cypress/Task_Cypress_Zmysnyi/build/CY8CPROTO-062-4343W/Debug/libs/capsense/cy_capsense_tuner.o
LOAD D:/Project_Cypress/Task_Cypress_Zmysnyi/build/CY8CPROTO-062-4343W/Debug/libs/psoc6cm0p/COMPONENT_CM0P_SLEEP/psoc6_01_cm0p_sleep.o
LOAD D:/Project_Cypress/Task_Cypress_Zmysnyi/build/CY8CPROTO-062-4343W/Debug/libs/psoc6cm0p/COMPONENT_CM0P_SLEEP/psoc6_02_cm0p_sleep.o
LOAD D:/Project_Cypress/Task_Cypress_Zmysnyi/build/CY8CPROTO-062-4343W/Debug/libs/psoc6cm0p/COMPONENT_CM0P_SLEEP/psoc6_03_cm0p_sleep.o
LOAD D:/Project_Cypress/Task_Cypress_Zmysnyi/build/CY8CPROTO-062-4343W/Debug/libs/psoc6hal/src/cyhal_adc.o
LOAD D:/Project_Cypress/Task_Cypress_Zmysnyi/build/CY8CPROTO-062-4343W/Debug/libs/psoc6hal/src/cyhal_analog_common.o
LOAD D:/Project_Cypress/Task_Cypress_Zmysnyi/build/CY8CPROTO-062-4343W/Debug/libs/psoc6hal/src/cyhal_crc.o
LOAD D:/Project_Cypress/Task_Cypress_Zmysnyi/build/CY8CPROTO-062-4343W/Debug/libs/psoc6hal/src/cyhal_crypto_common.o
LOAD D:/Project_Cypress/Task_Cypress_Zmysnyi/build/CY8CPROTO-062-4343W/Debug/libs/psoc6hal/src/cyhal_dac.o
LOAD D:/Project_Cypress/Task_Cypress_Zmysnyi/build/CY8CPROTO-062-4343W/Debug/libs/psoc6hal/src/cyhal_flash.o
LOAD D:/Project_Cypress/Task_Cypress_Zmysnyi/build/CY8CPROTO-062-4343W/Debug/libs/psoc6hal/src/cyhal_gpio.o
LOAD D:/Project_Cypress/Task_Cypress_Zmysnyi/build/CY8CPROTO-062-4343W/Debug/libs/psoc6hal/src/cyhal_hwmgr.o
LOAD D:/Project_Cypress/Task_Cypress_Zmysnyi/build/CY8CPROTO-062-4343W/Debug/libs/psoc6hal/src/cyhal_i2c.o
LOAD D:/Project_Cypress/Task_Cypress_Zmysnyi/build/CY8CPROTO-062-4343W/Debug/libs/psoc6hal/src/cyhal_interconnect.o
LOAD D:/Project_Cypress/Task_Cypress_Zmysnyi/build/CY8CPROTO-062-4343W/Debug/libs/psoc6hal/src/cyhal_lptimer.o
LOAD D:/Project_Cypress/Task_Cypress_Zmysnyi/build/CY8CPROTO-062-4343W/Debug/libs/psoc6hal/src/cyhal_not_implemented.o
LOAD D:/Project_Cypress/Task_Cypress_Zmysnyi/build/CY8CPROTO-062-4343W/Debug/libs/psoc6hal/src/cyhal_pwm.o
LOAD D:/Project_Cypress/Task_Cypress_Zmysnyi/build/CY8CPROTO-062-4343W/Debug/libs/psoc6hal/src/cyhal_qspi.o
LOAD D:/Project_Cypress/Task_Cypress_Zmysnyi/build/CY8CPROTO-062-4343W/Debug/libs/psoc6hal/src/cyhal_rtc.o
LOAD D:/Project_Cypress/Task_Cypress_Zmysnyi/build/CY8CPROTO-062-4343W/Debug/libs/psoc6hal/src/cyhal_scb_common.o
LOAD D:/Project_Cypress/Task_Cypress_Zmysnyi/build/CY8CPROTO-062-4343W/Debug/libs/psoc6hal/src/cyhal_sdhc.o
LOAD D:/Project_Cypress/Task_Cypress_Zmysnyi/build/CY8CPROTO-062-4343W/Debug/libs/psoc6hal/src/cyhal_spi.o
LOAD D:/Project_Cypress/Task_Cypress_Zmysnyi/build/CY8CPROTO-062-4343W/Debug/libs/psoc6hal/src/cyhal_system.o
LOAD D:/Project_Cypress/Task_Cypress_Zmysnyi/build/CY8CPROTO-062-4343W/Debug/libs/psoc6hal/src/cyhal_tcpwm_common.o
LOAD D:/Project_Cypress/Task_Cypress_Zmysnyi/build/CY8CPROTO-062-4343W/Debug/libs/psoc6hal/src/cyhal_timer.o
LOAD D:/Project_Cypress/Task_Cypress_Zmysnyi/build/CY8CPROTO-062-4343W/Debug/libs/psoc6hal/src/cyhal_trng.o
LOAD D:/Project_Cypress/Task_Cypress_Zmysnyi/build/CY8CPROTO-062-4343W/Debug/libs/psoc6hal/src/cyhal_uart.o
LOAD D:/Project_Cypress/Task_Cypress_Zmysnyi/build/CY8CPROTO-062-4343W/Debug/libs/psoc6hal/src/cyhal_udb_sdio.o
LOAD D:/Project_Cypress/Task_Cypress_Zmysnyi/build/CY8CPROTO-062-4343W/Debug/libs/psoc6hal/src/cyhal_usb_dev.o
LOAD D:/Project_Cypress/Task_Cypress_Zmysnyi/build/CY8CPROTO-062-4343W/Debug/libs/psoc6hal/src/cyhal_utils.o
LOAD D:/Project_Cypress/Task_Cypress_Zmysnyi/build/CY8CPROTO-062-4343W/Debug/libs/psoc6hal/src/cyhal_wdt.o
LOAD D:/Project_Cypress/Task_Cypress_Zmysnyi/build/CY8CPROTO-062-4343W/Debug/libs/psoc6hal/src/pin_packages/cyhal_psoc6_01_104_m_csp_ble.o
LOAD D:/Project_Cypress/Task_Cypress_Zmysnyi/build/CY8CPROTO-062-4343W/Debug/libs/psoc6hal/src/pin_packages/cyhal_psoc6_01_104_m_csp_ble_usb.o
LOAD D:/Project_Cypress/Task_Cypress_Zmysnyi/build/CY8CPROTO-062-4343W/Debug/libs/psoc6hal/src/pin_packages/cyhal_psoc6_01_116_bga_ble.o
LOAD D:/Project_Cypress/Task_Cypress_Zmysnyi/build/CY8CPROTO-062-4343W/Debug/libs/psoc6hal/src/pin_packages/cyhal_psoc6_01_116_bga_usb.o
LOAD D:/Project_Cypress/Task_Cypress_Zmysnyi/build/CY8CPROTO-062-4343W/Debug/libs/psoc6hal/src/pin_packages/cyhal_psoc6_01_124_bga.o
LOAD D:/Project_Cypress/Task_Cypress_Zmysnyi/build/CY8CPROTO-062-4343W/Debug/libs/psoc6hal/src/pin_packages/cyhal_psoc6_01_124_bga_sip.o
LOAD D:/Project_Cypress/Task_Cypress_Zmysnyi/build/CY8CPROTO-062-4343W/Debug/libs/psoc6hal/src/pin_packages/cyhal_psoc6_01_43_smt.o
LOAD D:/Project_Cypress/Task_Cypress_Zmysnyi/build/CY8CPROTO-062-4343W/Debug/libs/psoc6hal/src/pin_packages/cyhal_psoc6_01_68_qfn_ble.o
LOAD D:/Project_Cypress/Task_Cypress_Zmysnyi/build/CY8CPROTO-062-4343W/Debug/libs/psoc6hal/src/pin_packages/cyhal_psoc6_01_80_wlcsp.o
LOAD D:/Project_Cypress/Task_Cypress_Zmysnyi/build/CY8CPROTO-062-4343W/Debug/libs/psoc6hal/src/pin_packages/cyhal_psoc6_02_100_wlcsp.o
LOAD D:/Project_Cypress/Task_Cypress_Zmysnyi/build/CY8CPROTO-062-4343W/Debug/libs/psoc6hal/src/pin_packages/cyhal_psoc6_02_124_bga.o
LOAD D:/Project_Cypress/Task_Cypress_Zmysnyi/build/CY8CPROTO-062-4343W/Debug/libs/psoc6hal/src/pin_packages/cyhal_psoc6_02_128_tqfp.o
LOAD D:/Project_Cypress/Task_Cypress_Zmysnyi/build/CY8CPROTO-062-4343W/Debug/libs/psoc6hal/src/pin_packages/cyhal_psoc6_02_68_qfn.o
LOAD D:/Project_Cypress/Task_Cypress_Zmysnyi/build/CY8CPROTO-062-4343W/Debug/libs/psoc6hal/src/pin_packages/cyhal_psoc6_03_100_tqfp.o
LOAD D:/Project_Cypress/Task_Cypress_Zmysnyi/build/CY8CPROTO-062-4343W/Debug/libs/psoc6hal/src/pin_packages/cyhal_psoc6_03_49_wlcsp.o
LOAD D:/Project_Cypress/Task_Cypress_Zmysnyi/build/CY8CPROTO-062-4343W/Debug/libs/psoc6hal/src/pin_packages/cyhal_psoc6_03_68_qfn.o
LOAD D:/Project_Cypress/Task_Cypress_Zmysnyi/build/CY8CPROTO-062-4343W/Debug/libs/psoc6pdl/drivers/source/cy_ble_clk.o
LOAD D:/Project_Cypress/Task_Cypress_Zmysnyi/build/CY8CPROTO-062-4343W/Debug/libs/psoc6pdl/drivers/source/cy_canfd.o
LOAD D:/Project_Cypress/Task_Cypress_Zmysnyi/build/CY8CPROTO-062-4343W/Debug/libs/psoc6pdl/drivers/source/cy_crypto.o
LOAD D:/Project_Cypress/Task_Cypress_Zmysnyi/build/CY8CPROTO-062-4343W/Debug/libs/psoc6pdl/drivers/source/cy_crypto_core_aes_v1.o
LOAD D:/Project_Cypress/Task_Cypress_Zmysnyi/build/CY8CPROTO-062-4343W/Debug/libs/psoc6pdl/drivers/source/cy_crypto_core_aes_v2.o
LOAD D:/Project_Cypress/Task_Cypress_Zmysnyi/build/CY8CPROTO-062-4343W/Debug/libs/psoc6pdl/drivers/source/cy_crypto_core_cmac_v1.o
LOAD D:/Project_Cypress/Task_Cypress_Zmysnyi/build/CY8CPROTO-062-4343W/Debug/libs/psoc6pdl/drivers/source/cy_crypto_core_cmac_v2.o
LOAD D:/Project_Cypress/Task_Cypress_Zmysnyi/build/CY8CPROTO-062-4343W/Debug/libs/psoc6pdl/drivers/source/cy_crypto_core_crc_v1.o
LOAD D:/Project_Cypress/Task_Cypress_Zmysnyi/build/CY8CPROTO-062-4343W/Debug/libs/psoc6pdl/drivers/source/cy_crypto_core_crc_v2.o
LOAD D:/Project_Cypress/Task_Cypress_Zmysnyi/build/CY8CPROTO-062-4343W/Debug/libs/psoc6pdl/drivers/source/cy_crypto_core_des_v1.o
LOAD D:/Project_Cypress/Task_Cypress_Zmysnyi/build/CY8CPROTO-062-4343W/Debug/libs/psoc6pdl/drivers/source/cy_crypto_core_des_v2.o
LOAD D:/Project_Cypress/Task_Cypress_Zmysnyi/build/CY8CPROTO-062-4343W/Debug/libs/psoc6pdl/drivers/source/cy_crypto_core_ecc_domain_params.o
LOAD D:/Project_Cypress/Task_Cypress_Zmysnyi/build/CY8CPROTO-062-4343W/Debug/libs/psoc6pdl/drivers/source/cy_crypto_core_ecc_ecdsa.o
LOAD D:/Project_Cypress/Task_Cypress_Zmysnyi/build/CY8CPROTO-062-4343W/Debug/libs/psoc6pdl/drivers/source/cy_crypto_core_ecc_key_gen.o
LOAD D:/Project_Cypress/Task_Cypress_Zmysnyi/build/CY8CPROTO-062-4343W/Debug/libs/psoc6pdl/drivers/source/cy_crypto_core_ecc_nist_p.o
LOAD D:/Project_Cypress/Task_Cypress_Zmysnyi/build/CY8CPROTO-062-4343W/Debug/libs/psoc6pdl/drivers/source/cy_crypto_core_hmac_v1.o
LOAD D:/Project_Cypress/Task_Cypress_Zmysnyi/build/CY8CPROTO-062-4343W/Debug/libs/psoc6pdl/drivers/source/cy_crypto_core_hmac_v2.o
LOAD D:/Project_Cypress/Task_Cypress_Zmysnyi/build/CY8CPROTO-062-4343W/Debug/libs/psoc6pdl/drivers/source/cy_crypto_core_hw.o
LOAD D:/Project_Cypress/Task_Cypress_Zmysnyi/build/CY8CPROTO-062-4343W/Debug/libs/psoc6pdl/drivers/source/cy_crypto_core_hw_v1.o
LOAD D:/Project_Cypress/Task_Cypress_Zmysnyi/build/CY8CPROTO-062-4343W/Debug/libs/psoc6pdl/drivers/source/cy_crypto_core_mem_v1.o
LOAD D:/Project_Cypress/Task_Cypress_Zmysnyi/build/CY8CPROTO-062-4343W/Debug/libs/psoc6pdl/drivers/source/cy_crypto_core_mem_v2.o
LOAD D:/Project_Cypress/Task_Cypress_Zmysnyi/build/CY8CPROTO-062-4343W/Debug/libs/psoc6pdl/drivers/source/cy_crypto_core_prng_v1.o
LOAD D:/Project_Cypress/Task_Cypress_Zmysnyi/build/CY8CPROTO-062-4343W/Debug/libs/psoc6pdl/drivers/source/cy_crypto_core_prng_v2.o
LOAD D:/Project_Cypress/Task_Cypress_Zmysnyi/build/CY8CPROTO-062-4343W/Debug/libs/psoc6pdl/drivers/source/cy_crypto_core_rsa.o
LOAD D:/Project_Cypress/Task_Cypress_Zmysnyi/build/CY8CPROTO-062-4343W/Debug/libs/psoc6pdl/drivers/source/cy_crypto_core_sha_v1.o
LOAD D:/Project_Cypress/Task_Cypress_Zmysnyi/build/CY8CPROTO-062-4343W/Debug/libs/psoc6pdl/drivers/source/cy_crypto_core_sha_v2.o
LOAD D:/Project_Cypress/Task_Cypress_Zmysnyi/build/CY8CPROTO-062-4343W/Debug/libs/psoc6pdl/drivers/source/cy_crypto_core_trng_v1.o
LOAD D:/Project_Cypress/Task_Cypress_Zmysnyi/build/CY8CPROTO-062-4343W/Debug/libs/psoc6pdl/drivers/source/cy_crypto_core_trng_v2.o
LOAD D:/Project_Cypress/Task_Cypress_Zmysnyi/build/CY8CPROTO-062-4343W/Debug/libs/psoc6pdl/drivers/source/cy_crypto_core_vu.o
LOAD D:/Project_Cypress/Task_Cypress_Zmysnyi/build/CY8CPROTO-062-4343W/Debug/libs/psoc6pdl/drivers/source/cy_crypto_server.o
LOAD D:/Project_Cypress/Task_Cypress_Zmysnyi/build/CY8CPROTO-062-4343W/Debug/libs/psoc6pdl/drivers/source/cy_csd.o
LOAD D:/Project_Cypress/Task_Cypress_Zmysnyi/build/CY8CPROTO-062-4343W/Debug/libs/psoc6pdl/drivers/source/cy_ctb.o
LOAD D:/Project_Cypress/Task_Cypress_Zmysnyi/build/CY8CPROTO-062-4343W/Debug/libs/psoc6pdl/drivers/source/cy_ctdac.o
LOAD D:/Project_Cypress/Task_Cypress_Zmysnyi/build/CY8CPROTO-062-4343W/Debug/libs/psoc6pdl/drivers/source/cy_device.o
LOAD D:/Project_Cypress/Task_Cypress_Zmysnyi/build/CY8CPROTO-062-4343W/Debug/libs/psoc6pdl/drivers/source/cy_dma.o
LOAD D:/Project_Cypress/Task_Cypress_Zmysnyi/build/CY8CPROTO-062-4343W/Debug/libs/psoc6pdl/drivers/source/cy_dmac.o
LOAD D:/Project_Cypress/Task_Cypress_Zmysnyi/build/CY8CPROTO-062-4343W/Debug/libs/psoc6pdl/drivers/source/cy_efuse.o
LOAD D:/Project_Cypress/Task_Cypress_Zmysnyi/build/CY8CPROTO-062-4343W/Debug/libs/psoc6pdl/drivers/source/cy_flash.o
LOAD D:/Project_Cypress/Task_Cypress_Zmysnyi/build/CY8CPROTO-062-4343W/Debug/libs/psoc6pdl/drivers/source/cy_gpio.o
LOAD D:/Project_Cypress/Task_Cypress_Zmysnyi/build/CY8CPROTO-062-4343W/Debug/libs/psoc6pdl/drivers/source/cy_i2s.o
LOAD D:/Project_Cypress/Task_Cypress_Zmysnyi/build/CY8CPROTO-062-4343W/Debug/libs/psoc6pdl/drivers/source/cy_ipc_drv.o
LOAD D:/Project_Cypress/Task_Cypress_Zmysnyi/build/CY8CPROTO-062-4343W/Debug/libs/psoc6pdl/drivers/source/cy_ipc_pipe.o
LOAD D:/Project_Cypress/Task_Cypress_Zmysnyi/build/CY8CPROTO-062-4343W/Debug/libs/psoc6pdl/drivers/source/cy_ipc_sema.o
LOAD D:/Project_Cypress/Task_Cypress_Zmysnyi/build/CY8CPROTO-062-4343W/Debug/libs/psoc6pdl/drivers/source/cy_lpcomp.o
LOAD D:/Project_Cypress/Task_Cypress_Zmysnyi/build/CY8CPROTO-062-4343W/Debug/libs/psoc6pdl/drivers/source/cy_lvd.o
LOAD D:/Project_Cypress/Task_Cypress_Zmysnyi/build/CY8CPROTO-062-4343W/Debug/libs/psoc6pdl/drivers/source/cy_mcwdt.o
LOAD D:/Project_Cypress/Task_Cypress_Zmysnyi/build/CY8CPROTO-062-4343W/Debug/libs/psoc6pdl/drivers/source/cy_pdm_pcm.o
LOAD D:/Project_Cypress/Task_Cypress_Zmysnyi/build/CY8CPROTO-062-4343W/Debug/libs/psoc6pdl/drivers/source/cy_profile.o
LOAD D:/Project_Cypress/Task_Cypress_Zmysnyi/build/CY8CPROTO-062-4343W/Debug/libs/psoc6pdl/drivers/source/cy_prot.o
LOAD D:/Project_Cypress/Task_Cypress_Zmysnyi/build/CY8CPROTO-062-4343W/Debug/libs/psoc6pdl/drivers/source/cy_rtc.o
LOAD D:/Project_Cypress/Task_Cypress_Zmysnyi/build/CY8CPROTO-062-4343W/Debug/libs/psoc6pdl/drivers/source/cy_sar.o
LOAD D:/Project_Cypress/Task_Cypress_Zmysnyi/build/CY8CPROTO-062-4343W/Debug/libs/psoc6pdl/drivers/source/cy_scb_common.o
LOAD D:/Project_Cypress/Task_Cypress_Zmysnyi/build/CY8CPROTO-062-4343W/Debug/libs/psoc6pdl/drivers/source/cy_scb_ezi2c.o
LOAD D:/Project_Cypress/Task_Cypress_Zmysnyi/build/CY8CPROTO-062-4343W/Debug/libs/psoc6pdl/drivers/source/cy_scb_i2c.o
LOAD D:/Project_Cypress/Task_Cypress_Zmysnyi/build/CY8CPROTO-062-4343W/Debug/libs/psoc6pdl/drivers/source/cy_scb_spi.o
LOAD D:/Project_Cypress/Task_Cypress_Zmysnyi/build/CY8CPROTO-062-4343W/Debug/libs/psoc6pdl/drivers/source/cy_scb_uart.o
LOAD D:/Project_Cypress/Task_Cypress_Zmysnyi/build/CY8CPROTO-062-4343W/Debug/libs/psoc6pdl/drivers/source/cy_sd_host.o
LOAD D:/Project_Cypress/Task_Cypress_Zmysnyi/build/CY8CPROTO-062-4343W/Debug/libs/psoc6pdl/drivers/source/cy_seglcd.o
LOAD D:/Project_Cypress/Task_Cypress_Zmysnyi/build/CY8CPROTO-062-4343W/Debug/libs/psoc6pdl/drivers/source/cy_smartio.o
LOAD D:/Project_Cypress/Task_Cypress_Zmysnyi/build/CY8CPROTO-062-4343W/Debug/libs/psoc6pdl/drivers/source/cy_smif.o
LOAD D:/Project_Cypress/Task_Cypress_Zmysnyi/build/CY8CPROTO-062-4343W/Debug/libs/psoc6pdl/drivers/source/cy_smif_memslot.o
LOAD D:/Project_Cypress/Task_Cypress_Zmysnyi/build/CY8CPROTO-062-4343W/Debug/libs/psoc6pdl/drivers/source/cy_sysanalog.o
LOAD D:/Project_Cypress/Task_Cypress_Zmysnyi/build/CY8CPROTO-062-4343W/Debug/libs/psoc6pdl/drivers/source/cy_sysclk.o
LOAD D:/Project_Cypress/Task_Cypress_Zmysnyi/build/CY8CPROTO-062-4343W/Debug/libs/psoc6pdl/drivers/source/cy_sysint.o
LOAD D:/Project_Cypress/Task_Cypress_Zmysnyi/build/CY8CPROTO-062-4343W/Debug/libs/psoc6pdl/drivers/source/cy_syslib.o
LOAD D:/Project_Cypress/Task_Cypress_Zmysnyi/build/CY8CPROTO-062-4343W/Debug/libs/psoc6pdl/drivers/source/cy_syspm.o
LOAD D:/Project_Cypress/Task_Cypress_Zmysnyi/build/CY8CPROTO-062-4343W/Debug/libs/psoc6pdl/drivers/source/cy_systick.o
LOAD D:/Project_Cypress/Task_Cypress_Zmysnyi/build/CY8CPROTO-062-4343W/Debug/libs/psoc6pdl/drivers/source/cy_tcpwm_counter.o
LOAD D:/Project_Cypress/Task_Cypress_Zmysnyi/build/CY8CPROTO-062-4343W/Debug/libs/psoc6pdl/drivers/source/cy_tcpwm_pwm.o
LOAD D:/Project_Cypress/Task_Cypress_Zmysnyi/build/CY8CPROTO-062-4343W/Debug/libs/psoc6pdl/drivers/source/cy_tcpwm_quaddec.o
LOAD D:/Project_Cypress/Task_Cypress_Zmysnyi/build/CY8CPROTO-062-4343W/Debug/libs/psoc6pdl/drivers/source/cy_trigmux.o
LOAD D:/Project_Cypress/Task_Cypress_Zmysnyi/build/CY8CPROTO-062-4343W/Debug/libs/psoc6pdl/drivers/source/cy_usbfs_dev_drv.o
LOAD D:/Project_Cypress/Task_Cypress_Zmysnyi/build/CY8CPROTO-062-4343W/Debug/libs/psoc6pdl/drivers/source/cy_usbfs_dev_drv_io.o
LOAD D:/Project_Cypress/Task_Cypress_Zmysnyi/build/CY8CPROTO-062-4343W/Debug/libs/psoc6pdl/drivers/source/cy_usbfs_dev_drv_io_dma.o
LOAD D:/Project_Cypress/Task_Cypress_Zmysnyi/build/CY8CPROTO-062-4343W/Debug/libs/psoc6pdl/drivers/source/cy_wdt.o
LOAD D:/Project_Cypress/Task_Cypress_Zmysnyi/build/CY8CPROTO-062-4343W/Debug/libs/retarget-io/cy_retarget_io.o
LOAD D:/Project_Cypress/Task_Cypress_Zmysnyi/build/CY8CPROTO-062-4343W/Debug/main.o
START GROUP
LOAD ./libs/capsense/COMPONENT_SOFTFP/TOOLCHAIN_GCC_ARM/libcy_capsense.a
END GROUP
LOAD c:/users/sony/modustoolbox/tools_2.0/gcc-7.2.1/bin/../lib/gcc/arm-none-eabi/7.2.1/../../../../arm-none-eabi/lib/thumb/v7e-m/fpv4-sp/softfp\libstdc++_nano.a
LOAD c:/users/sony/modustoolbox/tools_2.0/gcc-7.2.1/bin/../lib/gcc/arm-none-eabi/7.2.1/../../../../arm-none-eabi/lib/thumb/v7e-m/fpv4-sp/softfp\libm.a
START GROUP
LOAD c:/users/sony/modustoolbox/tools_2.0/gcc-7.2.1/bin/../lib/gcc/arm-none-eabi/7.2.1/thumb/v7e-m/fpv4-sp/softfp\libgcc.a
LOAD c:/users/sony/modustoolbox/tools_2.0/gcc-7.2.1/bin/../lib/gcc/arm-none-eabi/7.2.1/../../../../arm-none-eabi/lib/thumb/v7e-m/fpv4-sp/softfp\libg_nano.a
LOAD c:/users/sony/modustoolbox/tools_2.0/gcc-7.2.1/bin/../lib/gcc/arm-none-eabi/7.2.1/../../../../arm-none-eabi/lib/thumb/v7e-m/fpv4-sp/softfp\libc_nano.a
END GROUP
START GROUP
LOAD c:/users/sony/modustoolbox/tools_2.0/gcc-7.2.1/bin/../lib/gcc/arm-none-eabi/7.2.1/thumb/v7e-m/fpv4-sp/softfp\libgcc.a
LOAD c:/users/sony/modustoolbox/tools_2.0/gcc-7.2.1/bin/../lib/gcc/arm-none-eabi/7.2.1/../../../../arm-none-eabi/lib/thumb/v7e-m/fpv4-sp/softfp\libc_nano.a
END GROUP
LOAD c:/users/sony/modustoolbox/tools_2.0/gcc-7.2.1/bin/../lib/gcc/arm-none-eabi/7.2.1/thumb/v7e-m/fpv4-sp/softfp/crtend.o
LOAD c:/users/sony/modustoolbox/tools_2.0/gcc-7.2.1/bin/../lib/gcc/arm-none-eabi/7.2.1/thumb/v7e-m/fpv4-sp/softfp/crtn.o
START GROUP
LOAD c:/users/sony/modustoolbox/tools_2.0/gcc-7.2.1/bin/../lib/gcc/arm-none-eabi/7.2.1/thumb/v7e-m/fpv4-sp/softfp\libgcc.a
LOAD c:/users/sony/modustoolbox/tools_2.0/gcc-7.2.1/bin/../lib/gcc/arm-none-eabi/7.2.1/../../../../arm-none-eabi/lib/thumb/v7e-m/fpv4-sp/softfp\libc.a
LOAD c:/users/sony/modustoolbox/tools_2.0/gcc-7.2.1/bin/../lib/gcc/arm-none-eabi/7.2.1/../../../../arm-none-eabi/lib/thumb/v7e-m/fpv4-sp/softfp\libnosys.a
END GROUP
                0x00001000                STACK_SIZE = 0x1000
                0x00002000                FLASH_CM0P_SIZE = 0x2000
START GROUP
LOAD c:/users/sony/modustoolbox/tools_2.0/gcc-7.2.1/bin/../lib/gcc/arm-none-eabi/7.2.1/thumb/v7e-m/fpv4-sp/softfp\libgcc.a
LOAD c:/users/sony/modustoolbox/tools_2.0/gcc-7.2.1/bin/../lib/gcc/arm-none-eabi/7.2.1/../../../../arm-none-eabi/lib/thumb/v7e-m/fpv4-sp/softfp\libc.a
LOAD c:/users/sony/modustoolbox/tools_2.0/gcc-7.2.1/bin/../lib/gcc/arm-none-eabi/7.2.1/../../../../arm-none-eabi/lib/thumb/v7e-m/fpv4-sp/softfp\libm.a
LOAD c:/users/sony/modustoolbox/tools_2.0/gcc-7.2.1/bin/../lib/gcc/arm-none-eabi/7.2.1/../../../../arm-none-eabi/lib/thumb/v7e-m/fpv4-sp/softfp\libnosys.a
END GROUP

.cy_m0p_image   0x10000000     0x13cc
                0x10000000                . = ALIGN (0x4)
                0x10000000                __cy_m0p_code_start = .
 *(.cy_m0p_image)
 .cy_m0p_image  0x10000000     0x13cc D:/Project_Cypress/Task_Cypress_Zmysnyi/build/CY8CPROTO-062-4343W/Debug/libs/psoc6cm0p/COMPONENT_CM0P_SLEEP/psoc6_02_cm0p_sleep.o
                0x10000000                cy_m0p_image
                0x100013cc                __cy_m0p_code_end = .
                0x00000001                ASSERT ((__cy_m0p_code_end <= (ORIGIN (flash) + FLASH_CM0P_SIZE)), CM0+ flash image overflows with CM4, increase FLASH_CM0P_SIZE)

.text           0x10002000     0x97b4
                0x10002000                . = ALIGN (0x4)
                0x10002000                __Vectors = .
 *(.vectors)
 .vectors       0x10002000      0x2e0 D:/Project_Cypress/Task_Cypress_Zmysnyi/build/CY8CPROTO-062-4343W/Debug/libs/TARGET_CY8CPROTO-062-4343W/startup/TOOLCHAIN_GCC_ARM/startup_psoc6_02_cm4.o
                0x100022e0                . = ALIGN (0x4)
                0x100022e0                __Vectors_End = .
                0x000002e0                __Vectors_Size = (__Vectors_End - __Vectors)
                0x100022e0                __end__ = .
                0x100022e0                . = ALIGN (0x4)
 *(.text*)
 .text          0x100022e0       0x40 c:/users/sony/modustoolbox/tools_2.0/gcc-7.2.1/bin/../lib/gcc/arm-none-eabi/7.2.1/thumb/v7e-m/fpv4-sp/softfp/crtbegin.o
 .text          0x10002320       0x94 D:/Project_Cypress/Task_Cypress_Zmysnyi/build/CY8CPROTO-062-4343W/Debug/libs/TARGET_CY8CPROTO-062-4343W/startup/TOOLCHAIN_GCC_ARM/startup_psoc6_02_cm4.o
                0x10002320                Cy_OnResetUser
                0x10002322                cy_toolchain_init
                0x10002324                Reset_Handler
                0x10002394                cpuss_interrupts_dw1_28_IRQHandler
                0x10002394                cpuss_interrupts_ipc_6_IRQHandler
                0x10002394                DebugMon_Handler
                0x10002394                tcpwm_1_interrupts_11_IRQHandler
                0x10002394                cpuss_interrupts_dw1_24_IRQHandler
                0x10002394                cpuss_interrupts_ipc_0_IRQHandler
                0x10002394                tcpwm_1_interrupts_15_IRQHandler
                0x10002394                cpuss_interrupts_dw0_23_IRQHandler
                0x10002394                cpuss_interrupts_dw1_18_IRQHandler
                0x10002394                cpuss_interrupts_dw1_21_IRQHandler
                0x10002394                tcpwm_1_interrupts_13_IRQHandler
                0x10002394                cpuss_interrupts_dw1_8_IRQHandler
                0x10002394                tcpwm_0_interrupts_0_IRQHandler
                0x10002394                SysTick_Handler
                0x10002394                cpuss_interrupt_fm_IRQHandler
                0x10002394                cpuss_interrupts_ipc_7_IRQHandler
                0x10002394                tcpwm_1_interrupts_14_IRQHandler
                0x10002394                cpuss_interrupts_dmac_0_IRQHandler
                0x10002394                cpuss_interrupts_dw0_11_IRQHandler
                0x10002394                tcpwm_1_interrupts_9_IRQHandler
                0x10002394                cpuss_interrupts_cm0_cti_1_IRQHandler
                0x10002394                tcpwm_1_interrupts_22_IRQHandler
                0x10002394                cpuss_interrupts_dw0_4_IRQHandler
                0x10002394                PendSV_Handler
                0x10002394                NMI_Handler
                0x10002394                scb_10_interrupt_IRQHandler
                0x10002394                cpuss_interrupts_dw1_12_IRQHandler
                0x10002394                tcpwm_1_interrupts_12_IRQHandler
                0x10002394                smif_interrupt_IRQHandler
                0x10002394                tcpwm_1_interrupts_2_IRQHandler
                0x10002394                cpuss_interrupts_ipc_13_IRQHandler
                0x10002394                tcpwm_1_interrupts_18_IRQHandler
                0x10002394                cpuss_interrupts_dw0_5_IRQHandler
                0x10002394                tcpwm_0_interrupts_2_IRQHandler
                0x10002394                cpuss_interrupts_dw0_13_IRQHandler
                0x10002394                lpcomp_interrupt_IRQHandler
                0x10002394                ioss_interrupts_gpio_1_IRQHandler
                0x10002394                ioss_interrupts_gpio_7_IRQHandler
                0x10002394                cpuss_interrupts_dw0_24_IRQHandler
                0x10002394                scb_5_interrupt_IRQHandler
                0x10002394                cpuss_interrupts_fault_1_IRQHandler
                0x10002394                cpuss_interrupts_ipc_4_IRQHandler
                0x10002394                cpuss_interrupts_ipc_5_IRQHandler
                0x10002394                cpuss_interrupts_dw0_19_IRQHandler
                0x10002394                cpuss_interrupts_dw1_10_IRQHandler
                0x10002394                audioss_0_interrupt_i2s_IRQHandler
                0x10002394                tcpwm_1_interrupts_6_IRQHandler
                0x10002394                scb_4_interrupt_IRQHandler
                0x10002394                ioss_interrupts_gpio_2_IRQHandler
                0x10002394                cpuss_interrupts_dw0_27_IRQHandler
                0x10002394                cpuss_interrupts_dw1_9_IRQHandler
                0x10002394                cpuss_interrupts_dw1_13_IRQHandler
                0x10002394                scb_2_interrupt_IRQHandler
                0x10002394                cpuss_interrupts_dw1_20_IRQHandler
                0x10002394                ioss_interrupts_gpio_13_IRQHandler
                0x10002394                cpuss_interrupts_dmac_3_IRQHandler
                0x10002394                cpuss_interrupts_cm4_fp_IRQHandler
                0x10002394                srss_interrupt_IRQHandler
                0x10002394                scb_0_interrupt_IRQHandler
                0x10002394                csd_interrupt_IRQHandler
                0x10002394                cpuss_interrupts_dw0_18_IRQHandler
                0x10002394                profile_interrupt_IRQHandler
                0x10002394                tcpwm_1_interrupts_1_IRQHandler
                0x10002394                scb_12_interrupt_IRQHandler
                0x10002394                audioss_0_interrupt_pdm_IRQHandler
                0x10002394                cpuss_interrupts_dw1_25_IRQHandler
                0x10002394                sdhc_0_interrupt_wakeup_IRQHandler
                0x10002394                cpuss_interrupts_ipc_12_IRQHandler
                0x10002394                tcpwm_1_interrupts_3_IRQHandler
                0x10002394                tcpwm_0_interrupts_7_IRQHandler
                0x10002394                cpuss_interrupts_dw1_1_IRQHandler
                0x10002394                cpuss_interrupts_dw1_0_IRQHandler
                0x10002394                cpuss_interrupts_dw0_9_IRQHandler
                0x10002394                cpuss_interrupts_dw1_7_IRQHandler
                0x10002394                tcpwm_1_interrupts_23_IRQHandler
                0x10002394                tcpwm_1_interrupts_20_IRQHandler
                0x10002394                ioss_interrupt_gpio_IRQHandler
                0x10002394                tcpwm_0_interrupts_1_IRQHandler
                0x10002394                sdhc_0_interrupt_general_IRQHandler
                0x10002394                ioss_interrupts_gpio_8_IRQHandler
                0x10002394                tcpwm_0_interrupts_6_IRQHandler
                0x10002394                scb_7_interrupt_IRQHandler
                0x10002394                tcpwm_1_interrupts_7_IRQHandler
                0x10002394                cpuss_interrupts_ipc_11_IRQHandler
                0x10002394                cpuss_interrupts_dw0_15_IRQHandler
                0x10002394                cpuss_interrupts_dw1_6_IRQHandler
                0x10002394                cpuss_interrupt_crypto_IRQHandler
                0x10002394                scb_1_interrupt_IRQHandler
                0x10002394                Default_Handler
                0x10002394                usb_interrupt_hi_IRQHandler
                0x10002394                tcpwm_1_interrupts_0_IRQHandler
                0x10002394                scb_9_interrupt_IRQHandler
                0x10002394                srss_interrupt_mcwdt_0_IRQHandler
                0x10002394                cpuss_interrupts_dmac_1_IRQHandler
                0x10002394                scb_3_interrupt_IRQHandler
                0x10002394                cpuss_interrupts_dw0_16_IRQHandler
                0x10002394                ioss_interrupts_gpio_3_IRQHandler
                0x10002394                scb_6_interrupt_IRQHandler
                0x10002394                cpuss_interrupts_cm4_cti_0_IRQHandler
                0x10002394                cpuss_interrupts_dw1_26_IRQHandler
                0x10002394                cpuss_interrupts_dw1_3_IRQHandler
                0x10002394                pass_interrupt_sar_IRQHandler
                0x10002394                ioss_interrupts_gpio_0_IRQHandler
                0x10002394                cpuss_interrupts_dw1_17_IRQHandler
                0x10002394                sdhc_1_interrupt_general_IRQHandler
                0x10002394                ioss_interrupts_gpio_14_IRQHandler
                0x10002394                tcpwm_0_interrupts_4_IRQHandler
                0x10002394                tcpwm_0_interrupts_5_IRQHandler
                0x10002394                cpuss_interrupts_dw1_16_IRQHandler
                0x10002394                cpuss_interrupts_ipc_15_IRQHandler
                0x10002394                cpuss_interrupts_cm4_cti_1_IRQHandler
                0x10002394                scb_8_interrupt_IRQHandler
                0x10002394                srss_interrupt_mcwdt_1_IRQHandler
                0x10002394                cpuss_interrupts_cm0_cti_0_IRQHandler
                0x10002394                SVC_Handler
                0x10002394                cpuss_interrupts_dw1_27_IRQHandler
                0x10002394                cpuss_interrupts_dw0_20_IRQHandler
                0x10002394                cpuss_interrupts_dw1_5_IRQHandler
                0x10002394                audioss_1_interrupt_i2s_IRQHandler
                0x10002394                cpuss_interrupts_ipc_1_IRQHandler
                0x10002394                scb_11_interrupt_IRQHandler
                0x10002394                cpuss_interrupts_dw0_0_IRQHandler
                0x10002394                ioss_interrupts_gpio_12_IRQHandler
                0x10002394                cpuss_interrupts_dw0_17_IRQHandler
                0x10002394                cpuss_interrupts_ipc_3_IRQHandler
                0x10002394                cpuss_interrupts_dw1_22_IRQHandler
                0x10002394                cpuss_interrupts_dw1_23_IRQHandler
                0x10002394                tcpwm_1_interrupts_17_IRQHandler
                0x10002394                srss_interrupt_backup_IRQHandler
                0x10002394                cpuss_interrupts_dw0_26_IRQHandler
                0x10002394                cpuss_interrupts_ipc_10_IRQHandler
                0x10002394                cpuss_interrupts_ipc_9_IRQHandler
                0x10002394                cpuss_interrupts_dw0_14_IRQHandler
                0x10002394                tcpwm_1_interrupts_4_IRQHandler
                0x10002394                tcpwm_0_interrupts_3_IRQHandler
                0x10002394                cpuss_interrupts_dw1_15_IRQHandler
                0x10002394                ioss_interrupts_gpio_10_IRQHandler
                0x10002394                cpuss_interrupts_dw0_8_IRQHandler
                0x10002394                cpuss_interrupts_dmac_2_IRQHandler
                0x10002394                ioss_interrupts_gpio_11_IRQHandler
                0x10002394                cpuss_interrupts_ipc_14_IRQHandler
                0x10002394                ioss_interrupts_gpio_5_IRQHandler
                0x10002394                ioss_interrupts_gpio_4_IRQHandler
                0x10002394                tcpwm_1_interrupts_8_IRQHandler
                0x10002394                cpuss_interrupts_dw1_14_IRQHandler
                0x10002394                cpuss_interrupts_dw0_22_IRQHandler
                0x10002394                usb_interrupt_med_IRQHandler
                0x10002394                cpuss_interrupts_dw0_2_IRQHandler
                0x10002394                tcpwm_1_interrupts_10_IRQHandler
                0x10002394                cpuss_interrupts_dw0_28_IRQHandler
                0x10002394                cpuss_interrupts_fault_0_IRQHandler
                0x10002394                cpuss_interrupts_dw0_12_IRQHandler
                0x10002394                ioss_interrupts_gpio_6_IRQHandler
                0x10002394                tcpwm_1_interrupts_21_IRQHandler
                0x10002394                tcpwm_1_interrupts_16_IRQHandler
                0x10002394                cpuss_interrupts_dw1_4_IRQHandler
                0x10002394                cpuss_interrupts_dw1_11_IRQHandler
                0x10002394                cpuss_interrupts_dw0_6_IRQHandler
                0x10002394                cpuss_interrupts_dw0_25_IRQHandler
                0x10002394                ioss_interrupt_vdd_IRQHandler
                0x10002394                cpuss_interrupts_dw1_2_IRQHandler
                0x10002394                tcpwm_1_interrupts_5_IRQHandler
                0x10002394                cpuss_interrupts_ipc_2_IRQHandler
                0x10002394                cpuss_interrupts_dw0_10_IRQHandler
                0x10002394                cpuss_interrupts_dw1_19_IRQHandler
                0x10002394                tcpwm_1_interrupts_19_IRQHandler
                0x10002394                cpuss_interrupts_dw0_1_IRQHandler
                0x10002394                ioss_interrupts_gpio_9_IRQHandler
                0x10002394                sdhc_1_interrupt_wakeup_IRQHandler
                0x10002394                usb_interrupt_lo_IRQHandler
                0x10002394                cpuss_interrupts_ipc_8_IRQHandler
                0x10002394                cpuss_interrupts_dw0_21_IRQHandler
                0x10002394                cpuss_interrupts_dw0_7_IRQHandler
                0x10002394                cpuss_interrupts_dw0_3_IRQHandler
                0x10002398                UsageFault_Handler
                0x10002398                HardFault_Handler
                0x10002398                MemManage_Handler
                0x10002398                BusFault_Handler
 *fill*         0x100023b4        0x4 
 .text          0x100023b8       0x20 D:/Project_Cypress/Task_Cypress_Zmysnyi/build/CY8CPROTO-062-4343W/Debug/libs/psoc6pdl/drivers/source/TOOLCHAIN_GCC_ARM/cy_syslib_gcc.o
                0x100023b8                Cy_SysLib_DelayCycles
                0x100023ca                Cy_SysLib_EnterCriticalSection
                0x100023d2                Cy_SysLib_ExitCriticalSection
 .text.init_cycfg_all
                0x100023d8       0x18 D:/Project_Cypress/Task_Cypress_Zmysnyi/build/CY8CPROTO-062-4343W/Debug/libs/TARGET_CY8CPROTO-062-4343W/COMPONENT_BSP_DESIGN_MODUS/GeneratedSource/cycfg.o
                0x100023d8                init_cycfg_all
 .text.init_cycfg_clocks
                0x100023f0       0xb4 D:/Project_Cypress/Task_Cypress_Zmysnyi/build/CY8CPROTO-062-4343W/Debug/libs/TARGET_CY8CPROTO-062-4343W/COMPONENT_BSP_DESIGN_MODUS/GeneratedSource/cycfg_clocks.o
                0x100023f0                init_cycfg_clocks
 .text.init_cycfg_peripherals
                0x100024a4       0x50 D:/Project_Cypress/Task_Cypress_Zmysnyi/build/CY8CPROTO-062-4343W/Debug/libs/TARGET_CY8CPROTO-062-4343W/COMPONENT_BSP_DESIGN_MODUS/GeneratedSource/cycfg_peripherals.o
                0x100024a4                init_cycfg_peripherals
 .text.init_cycfg_pins
                0x100024f4      0x298 D:/Project_Cypress/Task_Cypress_Zmysnyi/build/CY8CPROTO-062-4343W/Debug/libs/TARGET_CY8CPROTO-062-4343W/COMPONENT_BSP_DESIGN_MODUS/GeneratedSource/cycfg_pins.o
                0x100024f4                init_cycfg_pins
 .text.init_cycfg_routing
                0x1000278c       0x28 D:/Project_Cypress/Task_Cypress_Zmysnyi/build/CY8CPROTO-062-4343W/Debug/libs/TARGET_CY8CPROTO-062-4343W/COMPONENT_BSP_DESIGN_MODUS/GeneratedSource/cycfg_routing.o
                0x1000278c                init_cycfg_routing
 .text.cycfg_ClockStartupError
                0x100027b4        0x2 D:/Project_Cypress/Task_Cypress_Zmysnyi/build/CY8CPROTO-062-4343W/Debug/libs/TARGET_CY8CPROTO-062-4343W/COMPONENT_BSP_DESIGN_MODUS/GeneratedSource/cycfg_system.o
                0x100027b4                cycfg_ClockStartupError
 *fill*         0x100027b6        0x2 
 .text.init_cycfg_system
                0x100027b8      0x4b4 D:/Project_Cypress/Task_Cypress_Zmysnyi/build/CY8CPROTO-062-4343W/Debug/libs/TARGET_CY8CPROTO-062-4343W/COMPONENT_BSP_DESIGN_MODUS/GeneratedSource/cycfg_system.o
                0x100027b8                init_cycfg_system
 .text.cybsp_register_sysclk_pm_callback
                0x10002c6c       0x1c D:/Project_Cypress/Task_Cypress_Zmysnyi/build/CY8CPROTO-062-4343W/Debug/libs/TARGET_CY8CPROTO-062-4343W/cybsp.o
 .text.cybsp_init
                0x10002c88       0x1a D:/Project_Cypress/Task_Cypress_Zmysnyi/build/CY8CPROTO-062-4343W/Debug/libs/TARGET_CY8CPROTO-062-4343W/cybsp.o
                0x10002c88                cybsp_init
 .text.Cy_SysIpcPipeIsrCm4
                0x10002ca2        0xa D:/Project_Cypress/Task_Cypress_Zmysnyi/build/CY8CPROTO-062-4343W/Debug/libs/TARGET_CY8CPROTO-062-4343W/startup/system_psoc6_cm4.o
                0x10002ca2                Cy_SysIpcPipeIsrCm4
 .text.Cy_SystemInit
                0x10002cac        0x2 D:/Project_Cypress/Task_Cypress_Zmysnyi/build/CY8CPROTO-062-4343W/Debug/libs/TARGET_CY8CPROTO-062-4343W/startup/system_psoc6_cm4.o
                0x10002cac                Cy_SystemInit
 *fill*         0x10002cae        0x2 
 .text.SystemCoreClockUpdate
                0x10002cb0      0x1b8 D:/Project_Cypress/Task_Cypress_Zmysnyi/build/CY8CPROTO-062-4343W/Debug/libs/TARGET_CY8CPROTO-062-4343W/startup/system_psoc6_cm4.o
                0x10002cb0                SystemCoreClockUpdate
 .text.SystemInit
                0x10002e68       0x44 D:/Project_Cypress/Task_Cypress_Zmysnyi/build/CY8CPROTO-062-4343W/Debug/libs/TARGET_CY8CPROTO-062-4343W/startup/system_psoc6_cm4.o
                0x10002e68                SystemInit
 .text.Cy_SystemInitFpuEnable
                0x10002eac       0x28 D:/Project_Cypress/Task_Cypress_Zmysnyi/build/CY8CPROTO-062-4343W/Debug/libs/TARGET_CY8CPROTO-062-4343W/startup/system_psoc6_cm4.o
                0x10002eac                Cy_SystemInitFpuEnable
 .text.ioss_irq_handler
                0x10002ed4       0xe4 D:/Project_Cypress/Task_Cypress_Zmysnyi/build/CY8CPROTO-062-4343W/Debug/libs/psoc6hal/src/cyhal_gpio.o
 .text.cyhal_gpio_register_callback
                0x10002fb8       0x30 D:/Project_Cypress/Task_Cypress_Zmysnyi/build/CY8CPROTO-062-4343W/Debug/libs/psoc6hal/src/cyhal_gpio.o
                0x10002fb8                cyhal_gpio_register_callback
 .text.cyhal_gpio_enable_event
                0x10002fe8      0x11c D:/Project_Cypress/Task_Cypress_Zmysnyi/build/CY8CPROTO-062-4343W/Debug/libs/psoc6hal/src/cyhal_gpio.o
                0x10002fe8                cyhal_gpio_enable_event
 .text.cyhal_get_bit_position
                0x10003104      0x11c D:/Project_Cypress/Task_Cypress_Zmysnyi/build/CY8CPROTO-062-4343W/Debug/libs/psoc6hal/src/cyhal_hwmgr.o
 .text.cyhal_hwmgr_init
                0x10003220        0x4 D:/Project_Cypress/Task_Cypress_Zmysnyi/build/CY8CPROTO-062-4343W/Debug/libs/psoc6hal/src/cyhal_hwmgr.o
                0x10003220                cyhal_hwmgr_init
 .text.cyhal_hwmgr_reserve
                0x10003224       0x88 D:/Project_Cypress/Task_Cypress_Zmysnyi/build/CY8CPROTO-062-4343W/Debug/libs/psoc6hal/src/cyhal_hwmgr.o
                0x10003224                cyhal_hwmgr_reserve
 .text.cyhal_hwmgr_free
                0x100032ac       0x58 D:/Project_Cypress/Task_Cypress_Zmysnyi/build/CY8CPROTO-062-4343W/Debug/libs/psoc6hal/src/cyhal_hwmgr.o
                0x100032ac                cyhal_hwmgr_free
 .text.cyhal_hwmgr_allocate_clock
                0x10003304       0x6c D:/Project_Cypress/Task_Cypress_Zmysnyi/build/CY8CPROTO-062-4343W/Debug/libs/psoc6hal/src/cyhal_hwmgr.o
                0x10003304                cyhal_hwmgr_allocate_clock
 .text.cyhal_hwmgr_free_clock
                0x10003370       0x22 D:/Project_Cypress/Task_Cypress_Zmysnyi/build/CY8CPROTO-062-4343W/Debug/libs/psoc6hal/src/cyhal_hwmgr.o
                0x10003370                cyhal_hwmgr_free_clock
 *fill*         0x10003392        0x2 
 .text.cyhal_connect_pin
                0x10003394       0x80 D:/Project_Cypress/Task_Cypress_Zmysnyi/build/CY8CPROTO-062-4343W/Debug/libs/psoc6hal/src/cyhal_interconnect.o
                0x10003394                cyhal_connect_pin
 .text.cyhal_disconnect_pin
                0x10003414       0x38 D:/Project_Cypress/Task_Cypress_Zmysnyi/build/CY8CPROTO-062-4343W/Debug/libs/psoc6hal/src/cyhal_interconnect.o
                0x10003414                cyhal_disconnect_pin
 .text.cyhal_scb_get_block_from_irqn
                0x1000344c       0x66 D:/Project_Cypress/Task_Cypress_Zmysnyi/build/CY8CPROTO-062-4343W/Debug/libs/psoc6hal/src/cyhal_scb_common.o
                0x1000344c                cyhal_scb_get_block_from_irqn
 .text.convert_parity
                0x100034b2       0x14 D:/Project_Cypress/Task_Cypress_Zmysnyi/build/CY8CPROTO-062-4343W/Debug/libs/psoc6hal/src/cyhal_uart.o
 .text.convert_stopbits
                0x100034c6       0x24 D:/Project_Cypress/Task_Cypress_Zmysnyi/build/CY8CPROTO-062-4343W/Debug/libs/psoc6hal/src/cyhal_uart.o
 .text.cyhal_uart_baud_perdif
                0x100034ea       0x20 D:/Project_Cypress/Task_Cypress_Zmysnyi/build/CY8CPROTO-062-4343W/Debug/libs/psoc6hal/src/cyhal_uart.o
 *fill*         0x1000350a        0x2 
 .text.cyhal_uart_irq_handler
                0x1000350c       0x24 D:/Project_Cypress/Task_Cypress_Zmysnyi/build/CY8CPROTO-062-4343W/Debug/libs/psoc6hal/src/cyhal_uart.o
 .text.cyhal_uart_actual_baud
                0x10003530       0x34 D:/Project_Cypress/Task_Cypress_Zmysnyi/build/CY8CPROTO-062-4343W/Debug/libs/psoc6hal/src/cyhal_uart.o
 .text.cyhal_uart_best_oversample
                0x10003564       0x80 D:/Project_Cypress/Task_Cypress_Zmysnyi/build/CY8CPROTO-062-4343W/Debug/libs/psoc6hal/src/cyhal_uart.o
 .text.cyhal_uart_pm_callback
                0x100035e4      0x2d8 D:/Project_Cypress/Task_Cypress_Zmysnyi/build/CY8CPROTO-062-4343W/Debug/libs/psoc6hal/src/cyhal_uart.o
 .text.cyhal_uart_free
                0x100038bc       0x94 D:/Project_Cypress/Task_Cypress_Zmysnyi/build/CY8CPROTO-062-4343W/Debug/libs/psoc6hal/src/cyhal_uart.o
                0x100038bc                cyhal_uart_free
 .text.cyhal_uart_set_baud
                0x10003950      0x2dc D:/Project_Cypress/Task_Cypress_Zmysnyi/build/CY8CPROTO-062-4343W/Debug/libs/psoc6hal/src/cyhal_uart.o
                0x10003950                cyhal_uart_set_baud
 .text.cyhal_uart_init
                0x10003c2c      0x340 D:/Project_Cypress/Task_Cypress_Zmysnyi/build/CY8CPROTO-062-4343W/Debug/libs/psoc6hal/src/cyhal_uart.o
                0x10003c2c                cyhal_uart_init
 .text.cyhal_uart_getc
                0x10003f6c       0x3c D:/Project_Cypress/Task_Cypress_Zmysnyi/build/CY8CPROTO-062-4343W/Debug/libs/psoc6hal/src/cyhal_uart.o
                0x10003f6c                cyhal_uart_getc
 .text.cyhal_uart_putc
                0x10003fa8       0x1a D:/Project_Cypress/Task_Cypress_Zmysnyi/build/CY8CPROTO-062-4343W/Debug/libs/psoc6hal/src/cyhal_uart.o
                0x10003fa8                cyhal_uart_putc
 .text.cyhal_utils_get_resource
                0x10003fc2       0x22 D:/Project_Cypress/Task_Cypress_Zmysnyi/build/CY8CPROTO-062-4343W/Debug/libs/psoc6hal/src/cyhal_utils.o
                0x10003fc2                cyhal_utils_get_resource
 .text.cyhal_utils_disconnect_and_free
                0x10003fe4       0x4e D:/Project_Cypress/Task_Cypress_Zmysnyi/build/CY8CPROTO-062-4343W/Debug/libs/psoc6hal/src/cyhal_utils.o
                0x10003fe4                cyhal_utils_disconnect_and_free
 *fill*         0x10004032        0x2 
 .text.Cy_PDL_Init
                0x10004034        0xc D:/Project_Cypress/Task_Cypress_Zmysnyi/build/CY8CPROTO-062-4343W/Debug/libs/psoc6pdl/drivers/source/cy_device.o
                0x10004034                Cy_PDL_Init
 .text.Cy_Flash_ProcessOpcode
                0x10004040       0xa4 D:/Project_Cypress/Task_Cypress_Zmysnyi/build/CY8CPROTO-062-4343W/Debug/libs/psoc6pdl/drivers/source/cy_flash.o
 .text.Cy_Flash_OperationStatus
                0x100040e4       0x60 D:/Project_Cypress/Task_Cypress_Zmysnyi/build/CY8CPROTO-062-4343W/Debug/libs/psoc6pdl/drivers/source/cy_flash.o
 .text.Cy_GPIO_Pin_Init
                0x10004144      0x360 D:/Project_Cypress/Task_Cypress_Zmysnyi/build/CY8CPROTO-062-4343W/Debug/libs/psoc6pdl/drivers/source/cy_gpio.o
                0x10004144                Cy_GPIO_Pin_Init
 .text.Cy_GPIO_Pin_FastInit
                0x100044a4       0xfc D:/Project_Cypress/Task_Cypress_Zmysnyi/build/CY8CPROTO-062-4343W/Debug/libs/psoc6pdl/drivers/source/cy_gpio.o
                0x100044a4                Cy_GPIO_Pin_FastInit
 .text.Cy_IPC_Drv_LockRelease
                0x100045a0       0x40 D:/Project_Cypress/Task_Cypress_Zmysnyi/build/CY8CPROTO-062-4343W/Debug/libs/psoc6pdl/drivers/source/cy_ipc_drv.o
                0x100045a0                Cy_IPC_Drv_LockRelease
 .text.Cy_IPC_Drv_SendMsgWord
                0x100045e0       0x34 D:/Project_Cypress/Task_Cypress_Zmysnyi/build/CY8CPROTO-062-4343W/Debug/libs/psoc6pdl/drivers/source/cy_ipc_drv.o
                0x100045e0                Cy_IPC_Drv_SendMsgWord
 .text.Cy_IPC_Drv_ReadMsgWord
                0x10004614       0x38 D:/Project_Cypress/Task_Cypress_Zmysnyi/build/CY8CPROTO-062-4343W/Debug/libs/psoc6pdl/drivers/source/cy_ipc_drv.o
                0x10004614                Cy_IPC_Drv_ReadMsgWord
 .text.Cy_IPC_Pipe_Config
                0x1000464c       0x14 D:/Project_Cypress/Task_Cypress_Zmysnyi/build/CY8CPROTO-062-4343W/Debug/libs/psoc6pdl/drivers/source/cy_ipc_pipe.o
                0x1000464c                Cy_IPC_Pipe_Config
 .text.Cy_IPC_Pipe_EndpointInit
                0x10004660       0xdc D:/Project_Cypress/Task_Cypress_Zmysnyi/build/CY8CPROTO-062-4343W/Debug/libs/psoc6pdl/drivers/source/cy_ipc_pipe.o
                0x10004660                Cy_IPC_Pipe_EndpointInit
 .text.Cy_IPC_Pipe_Init
                0x1000473c       0xc0 D:/Project_Cypress/Task_Cypress_Zmysnyi/build/CY8CPROTO-062-4343W/Debug/libs/psoc6pdl/drivers/source/cy_ipc_pipe.o
                0x1000473c                Cy_IPC_Pipe_Init
 .text.Cy_IPC_Pipe_SendMessage
                0x100047fc       0xa4 D:/Project_Cypress/Task_Cypress_Zmysnyi/build/CY8CPROTO-062-4343W/Debug/libs/psoc6pdl/drivers/source/cy_ipc_pipe.o
                0x100047fc                Cy_IPC_Pipe_SendMessage
 .text.Cy_IPC_Pipe_ExecCallback
                0x100048a0       0xcc D:/Project_Cypress/Task_Cypress_Zmysnyi/build/CY8CPROTO-062-4343W/Debug/libs/psoc6pdl/drivers/source/cy_ipc_pipe.o
                0x100048a0                Cy_IPC_Pipe_ExecCallback
 .text.Cy_IPC_Pipe_ExecuteCallback
                0x1000496c       0x30 D:/Project_Cypress/Task_Cypress_Zmysnyi/build/CY8CPROTO-062-4343W/Debug/libs/psoc6pdl/drivers/source/cy_ipc_pipe.o
                0x1000496c                Cy_IPC_Pipe_ExecuteCallback
 .text.Cy_IPC_Sema_InitExt
                0x1000499c       0xac D:/Project_Cypress/Task_Cypress_Zmysnyi/build/CY8CPROTO-062-4343W/Debug/libs/psoc6pdl/drivers/source/cy_ipc_sema.o
                0x1000499c                Cy_IPC_Sema_InitExt
 .text.Cy_IPC_Sema_Init
                0x10004a48       0x6c D:/Project_Cypress/Task_Cypress_Zmysnyi/build/CY8CPROTO-062-4343W/Debug/libs/psoc6pdl/drivers/source/cy_ipc_sema.o
                0x10004a48                Cy_IPC_Sema_Init
 .text.Cy_IPC_Sema_Clear
                0x10004ab4       0x7c D:/Project_Cypress/Task_Cypress_Zmysnyi/build/CY8CPROTO-062-4343W/Debug/libs/psoc6pdl/drivers/source/cy_ipc_sema.o
                0x10004ab4                Cy_IPC_Sema_Clear
 .text.Cy_IPC_Sema_Status
                0x10004b30       0x40 D:/Project_Cypress/Task_Cypress_Zmysnyi/build/CY8CPROTO-062-4343W/Debug/libs/psoc6pdl/drivers/source/cy_ipc_sema.o
                0x10004b30                Cy_IPC_Sema_Status
 .text.Cy_Prot_GetActivePC
                0x10004b70       0x38 D:/Project_Cypress/Task_Cypress_Zmysnyi/build/CY8CPROTO-062-4343W/Debug/libs/psoc6pdl/drivers/source/cy_prot.o
                0x10004b70                Cy_Prot_GetActivePC
 .text.ConstructTimeDate
                0x10004ba8      0x18c D:/Project_Cypress/Task_Cypress_Zmysnyi/build/CY8CPROTO-062-4343W/Debug/libs/psoc6pdl/drivers/source/cy_rtc.o
 .text.Cy_RTC_SetDateAndTime
                0x10004d34      0x184 D:/Project_Cypress/Task_Cypress_Zmysnyi/build/CY8CPROTO-062-4343W/Debug/libs/psoc6pdl/drivers/source/cy_rtc.o
                0x10004d34                Cy_RTC_SetDateAndTime
 .text.Cy_RTC_Init
                0x10004eb8        0x8 D:/Project_Cypress/Task_Cypress_Zmysnyi/build/CY8CPROTO-062-4343W/Debug/libs/psoc6pdl/drivers/source/cy_rtc.o
                0x10004eb8                Cy_RTC_Init
 .text.Cy_RTC_GetDateAndTime
                0x10004ec0       0xf8 D:/Project_Cypress/Task_Cypress_Zmysnyi/build/CY8CPROTO-062-4343W/Debug/libs/psoc6pdl/drivers/source/cy_rtc.o
                0x10004ec0                Cy_RTC_GetDateAndTime
 .text.Cy_SAR_Init
                0x10004fb8      0x220 D:/Project_Cypress/Task_Cypress_Zmysnyi/build/CY8CPROTO-062-4343W/Debug/libs/psoc6pdl/drivers/source/cy_sar.o
                0x10004fb8                Cy_SAR_Init
 .text.Cy_SAR_Enable
                0x100051d8       0x20 D:/Project_Cypress/Task_Cypress_Zmysnyi/build/CY8CPROTO-062-4343W/Debug/libs/psoc6pdl/drivers/source/cy_sar.o
                0x100051d8                Cy_SAR_Enable
 .text.Cy_SAR_StartConvert
                0x100051f8       0x30 D:/Project_Cypress/Task_Cypress_Zmysnyi/build/CY8CPROTO-062-4343W/Debug/libs/psoc6pdl/drivers/source/cy_sar.o
                0x100051f8                Cy_SAR_StartConvert
 .text.Cy_SAR_IsChannelSingleEnded
                0x10005228       0x38 D:/Project_Cypress/Task_Cypress_Zmysnyi/build/CY8CPROTO-062-4343W/Debug/libs/psoc6pdl/drivers/source/cy_sar.o
                0x10005228                Cy_SAR_IsChannelSingleEnded
 .text.Cy_SAR_IsChannelSigned
                0x10005260       0x48 D:/Project_Cypress/Task_Cypress_Zmysnyi/build/CY8CPROTO-062-4343W/Debug/libs/psoc6pdl/drivers/source/cy_sar.o
                0x10005260                Cy_SAR_IsChannelSigned
 .text.Cy_SAR_GetResult16
                0x100052a8       0x30 D:/Project_Cypress/Task_Cypress_Zmysnyi/build/CY8CPROTO-062-4343W/Debug/libs/psoc6pdl/drivers/source/cy_sar.o
                0x100052a8                Cy_SAR_GetResult16
 .text.Cy_SAR_RawCounts2Counts
                0x100052d8       0x80 D:/Project_Cypress/Task_Cypress_Zmysnyi/build/CY8CPROTO-062-4343W/Debug/libs/psoc6pdl/drivers/source/cy_sar.o
                0x100052d8                Cy_SAR_RawCounts2Counts
 .text.Cy_SAR_CountsTo_mVolts
                0x10005358       0x78 D:/Project_Cypress/Task_Cypress_Zmysnyi/build/CY8CPROTO-062-4343W/Debug/libs/psoc6pdl/drivers/source/cy_sar.o
                0x10005358                Cy_SAR_CountsTo_mVolts
 .text.Cy_SCB_ReadArrayNoCheck
                0x100053d0       0x38 D:/Project_Cypress/Task_Cypress_Zmysnyi/build/CY8CPROTO-062-4343W/Debug/libs/psoc6pdl/drivers/source/cy_scb_common.o
                0x100053d0                Cy_SCB_ReadArrayNoCheck
 .text.Cy_SCB_ReadArray
                0x10005408       0x1e D:/Project_Cypress/Task_Cypress_Zmysnyi/build/CY8CPROTO-062-4343W/Debug/libs/psoc6pdl/drivers/source/cy_scb_common.o
                0x10005408                Cy_SCB_ReadArray
 .text.Cy_SCB_Write
                0x10005426       0x26 D:/Project_Cypress/Task_Cypress_Zmysnyi/build/CY8CPROTO-062-4343W/Debug/libs/psoc6pdl/drivers/source/cy_scb_common.o
                0x10005426                Cy_SCB_Write
 .text.Cy_SCB_WriteArrayNoCheck
                0x1000544c       0x38 D:/Project_Cypress/Task_Cypress_Zmysnyi/build/CY8CPROTO-062-4343W/Debug/libs/psoc6pdl/drivers/source/cy_scb_common.o
                0x1000544c                Cy_SCB_WriteArrayNoCheck
 .text.Cy_SCB_WriteArray
                0x10005484       0x2e D:/Project_Cypress/Task_Cypress_Zmysnyi/build/CY8CPROTO-062-4343W/Debug/libs/psoc6pdl/drivers/source/cy_scb_common.o
                0x10005484                Cy_SCB_WriteArray
 *fill*         0x100054b2        0x2 
 .text.HandleDataTransmit
                0x100054b4       0xe4 D:/Project_Cypress/Task_Cypress_Zmysnyi/build/CY8CPROTO-062-4343W/Debug/libs/psoc6pdl/drivers/source/cy_scb_uart.o
 .text.HandleDataReceive
                0x10005598       0xfc D:/Project_Cypress/Task_Cypress_Zmysnyi/build/CY8CPROTO-062-4343W/Debug/libs/psoc6pdl/drivers/source/cy_scb_uart.o
 .text.Cy_SCB_UART_Init
                0x10005694      0x3a4 D:/Project_Cypress/Task_Cypress_Zmysnyi/build/CY8CPROTO-062-4343W/Debug/libs/psoc6pdl/drivers/source/cy_scb_uart.o
                0x10005694                Cy_SCB_UART_Init
 .text.Cy_SCB_UART_Disable
                0x10005a38       0x16 D:/Project_Cypress/Task_Cypress_Zmysnyi/build/CY8CPROTO-062-4343W/Debug/libs/psoc6pdl/drivers/source/cy_scb_uart.o
                0x10005a38                Cy_SCB_UART_Disable
 *fill*         0x10005a4e        0x2 
 .text.Cy_SCB_UART_StartRingBuffer
                0x10005a50       0xa4 D:/Project_Cypress/Task_Cypress_Zmysnyi/build/CY8CPROTO-062-4343W/Debug/libs/psoc6pdl/drivers/source/cy_scb_uart.o
                0x10005a50                Cy_SCB_UART_StartRingBuffer
 .text.Cy_SCB_UART_GetNumInRingBuffer
                0x10005af4       0x18 D:/Project_Cypress/Task_Cypress_Zmysnyi/build/CY8CPROTO-062-4343W/Debug/libs/psoc6pdl/drivers/source/cy_scb_uart.o
                0x10005af4                Cy_SCB_UART_GetNumInRingBuffer
 .text.HandleRingBuffer
                0x10005b0c       0xcc D:/Project_Cypress/Task_Cypress_Zmysnyi/build/CY8CPROTO-062-4343W/Debug/libs/psoc6pdl/drivers/source/cy_scb_uart.o
 .text.Cy_SCB_UART_GetReceiveStatus
                0x10005bd8        0x4 D:/Project_Cypress/Task_Cypress_Zmysnyi/build/CY8CPROTO-062-4343W/Debug/libs/psoc6pdl/drivers/source/cy_scb_uart.o
                0x10005bd8                Cy_SCB_UART_GetReceiveStatus
 .text.Cy_SCB_UART_GetTransmitStatus
                0x10005bdc        0x4 D:/Project_Cypress/Task_Cypress_Zmysnyi/build/CY8CPROTO-062-4343W/Debug/libs/psoc6pdl/drivers/source/cy_scb_uart.o
                0x10005bdc                Cy_SCB_UART_GetTransmitStatus
 .text.Cy_SCB_UART_DeepSleepCallback
                0x10005be0       0x88 D:/Project_Cypress/Task_Cypress_Zmysnyi/build/CY8CPROTO-062-4343W/Debug/libs/psoc6pdl/drivers/source/cy_scb_uart.o
                0x10005be0                Cy_SCB_UART_DeepSleepCallback
 .text.Cy_SCB_UART_Interrupt
                0x10005c68      0x122 D:/Project_Cypress/Task_Cypress_Zmysnyi/build/CY8CPROTO-062-4343W/Debug/libs/psoc6pdl/drivers/source/cy_scb_uart.o
                0x10005c68                Cy_SCB_UART_Interrupt
 *fill*         0x10005d8a        0x2 
 .text.Cy_SysAnalog_Init
                0x10005d8c       0xa4 D:/Project_Cypress/Task_Cypress_Zmysnyi/build/CY8CPROTO-062-4343W/Debug/libs/psoc6pdl/drivers/source/cy_sysanalog.o
                0x10005d8c                Cy_SysAnalog_Init
 .text.Cy_SysClk_ClkPathSetSource
                0x10005e30       0x5c D:/Project_Cypress/Task_Cypress_Zmysnyi/build/CY8CPROTO-062-4343W/Debug/libs/psoc6pdl/drivers/source/cy_sysclk.o
                0x10005e30                Cy_SysClk_ClkPathSetSource
 .text.Cy_SysClk_ClkPathGetSource
                0x10005e8c       0x4c D:/Project_Cypress/Task_Cypress_Zmysnyi/build/CY8CPROTO-062-4343W/Debug/libs/psoc6pdl/drivers/source/cy_sysclk.o
                0x10005e8c                Cy_SysClk_ClkPathGetSource
 .text.Cy_SysClk_FllManualConfigure
                0x10005ed8      0x164 D:/Project_Cypress/Task_Cypress_Zmysnyi/build/CY8CPROTO-062-4343W/Debug/libs/psoc6pdl/drivers/source/cy_sysclk.o
                0x10005ed8                Cy_SysClk_FllManualConfigure
 .text.Cy_SysClk_FllGetConfiguration
                0x1000603c       0x6c D:/Project_Cypress/Task_Cypress_Zmysnyi/build/CY8CPROTO-062-4343W/Debug/libs/psoc6pdl/drivers/source/cy_sysclk.o
                0x1000603c                Cy_SysClk_FllGetConfiguration
 .text.Cy_SysClk_FllEnable
                0x100060a8       0xc4 D:/Project_Cypress/Task_Cypress_Zmysnyi/build/CY8CPROTO-062-4343W/Debug/libs/psoc6pdl/drivers/source/cy_sysclk.o
                0x100060a8                Cy_SysClk_FllEnable
 .text.Cy_SysClk_PllManualConfigure
                0x1000616c       0xdc D:/Project_Cypress/Task_Cypress_Zmysnyi/build/CY8CPROTO-062-4343W/Debug/libs/psoc6pdl/drivers/source/cy_sysclk.o
                0x1000616c                Cy_SysClk_PllManualConfigure
 .text.Cy_SysClk_PllGetConfiguration
                0x10006248       0x4c D:/Project_Cypress/Task_Cypress_Zmysnyi/build/CY8CPROTO-062-4343W/Debug/libs/psoc6pdl/drivers/source/cy_sysclk.o
                0x10006248                Cy_SysClk_PllGetConfiguration
 .text.Cy_SysClk_PllEnable
                0x10006294       0x68 D:/Project_Cypress/Task_Cypress_Zmysnyi/build/CY8CPROTO-062-4343W/Debug/libs/psoc6pdl/drivers/source/cy_sysclk.o
                0x10006294                Cy_SysClk_PllEnable
 .text.Cy_SysClk_DeepSleepCallback
                0x100062fc      0x280 D:/Project_Cypress/Task_Cypress_Zmysnyi/build/CY8CPROTO-062-4343W/Debug/libs/psoc6pdl/drivers/source/cy_sysclk.o
                0x100062fc                Cy_SysClk_DeepSleepCallback
 .text.Cy_SysClk_ClkHfGetFrequency
                0x1000657c      0x1dc D:/Project_Cypress/Task_Cypress_Zmysnyi/build/CY8CPROTO-062-4343W/Debug/libs/psoc6pdl/drivers/source/cy_sysclk.o
                0x1000657c                Cy_SysClk_ClkHfGetFrequency
 .text.Cy_SysInt_SetVector
                0x10006758       0x48 D:/Project_Cypress/Task_Cypress_Zmysnyi/build/CY8CPROTO-062-4343W/Debug/libs/psoc6pdl/drivers/source/cy_sysint.o
                0x10006758                Cy_SysInt_SetVector
 .text.Cy_SysInt_Init
                0x100067a0       0x74 D:/Project_Cypress/Task_Cypress_Zmysnyi/build/CY8CPROTO-062-4343W/Debug/libs/psoc6pdl/drivers/source/cy_sysint.o
                0x100067a0                Cy_SysInt_Init
 .text.Cy_SysLib_Delay
                0x10006814       0x30 D:/Project_Cypress/Task_Cypress_Zmysnyi/build/CY8CPROTO-062-4343W/Debug/libs/psoc6pdl/drivers/source/cy_syslib.o
                0x10006814                Cy_SysLib_Delay
 .text.Cy_SysLib_DelayUs
                0x10006844       0x14 D:/Project_Cypress/Task_Cypress_Zmysnyi/build/CY8CPROTO-062-4343W/Debug/libs/psoc6pdl/drivers/source/cy_syslib.o
                0x10006844                Cy_SysLib_DelayUs
 .text.Cy_SysLib_Halt
                0x10006858        0x4 D:/Project_Cypress/Task_Cypress_Zmysnyi/build/CY8CPROTO-062-4343W/Debug/libs/psoc6pdl/drivers/source/cy_syslib.o
                0x10006858                Cy_SysLib_Halt
 .text.Cy_SysLib_AssertFailed
                0x1000685c       0x1c D:/Project_Cypress/Task_Cypress_Zmysnyi/build/CY8CPROTO-062-4343W/Debug/libs/psoc6pdl/drivers/source/cy_syslib.o
                0x1000685c                Cy_SysLib_AssertFailed
 .text.Cy_SysLib_ResetBackupDomain
                0x10006878       0x20 D:/Project_Cypress/Task_Cypress_Zmysnyi/build/CY8CPROTO-062-4343W/Debug/libs/psoc6pdl/drivers/source/cy_syslib.o
                0x10006878                Cy_SysLib_ResetBackupDomain
 .text.Cy_SysLib_GetResetReason
                0x10006898       0x18 D:/Project_Cypress/Task_Cypress_Zmysnyi/build/CY8CPROTO-062-4343W/Debug/libs/psoc6pdl/drivers/source/cy_syslib.o
                0x10006898                Cy_SysLib_GetResetReason
 .text.Cy_SysLib_ProcessingFault
                0x100068b0        0x2 D:/Project_Cypress/Task_Cypress_Zmysnyi/build/CY8CPROTO-062-4343W/Debug/libs/psoc6pdl/drivers/source/cy_syslib.o
                0x100068b0                Cy_SysLib_ProcessingFault
 *fill*         0x100068b2        0x2 
 .text.Cy_SysLib_FaultHandler
                0x100068b4       0xa4 D:/Project_Cypress/Task_Cypress_Zmysnyi/build/CY8CPROTO-062-4343W/Debug/libs/psoc6pdl/drivers/source/cy_syslib.o
                0x100068b4                Cy_SysLib_FaultHandler
 .text.Cy_SysLib_SetWaitStates
                0x10006958       0xcc D:/Project_Cypress/Task_Cypress_Zmysnyi/build/CY8CPROTO-062-4343W/Debug/libs/psoc6pdl/drivers/source/cy_syslib.o
                0x10006958                Cy_SysLib_SetWaitStates
 .text.SetReadMarginTrimUlp
                0x10006a24       0x84 D:/Project_Cypress/Task_Cypress_Zmysnyi/build/CY8CPROTO-062-4343W/Debug/libs/psoc6pdl/drivers/source/cy_syspm.o
 .text.SetReadMarginTrimLp
                0x10006aa8       0x84 D:/Project_Cypress/Task_Cypress_Zmysnyi/build/CY8CPROTO-062-4343W/Debug/libs/psoc6pdl/drivers/source/cy_syspm.o
 .text.SetWriteAssistTrimUlp
                0x10006b2c       0x58 D:/Project_Cypress/Task_Cypress_Zmysnyi/build/CY8CPROTO-062-4343W/Debug/libs/psoc6pdl/drivers/source/cy_syspm.o
 .text.SetWriteAssistTrimLp
                0x10006b84       0x70 D:/Project_Cypress/Task_Cypress_Zmysnyi/build/CY8CPROTO-062-4343W/Debug/libs/psoc6pdl/drivers/source/cy_syspm.o
 .text.IsVoltageChangePossible
                0x10006bf4       0x46 D:/Project_Cypress/Task_Cypress_Zmysnyi/build/CY8CPROTO-062-4343W/Debug/libs/psoc6pdl/drivers/source/cy_syspm.o
 *fill*         0x10006c3a        0x2 
 .text.Cy_SysPm_SystemSetMinRegulatorCurrent
                0x10006c3c       0x54 D:/Project_Cypress/Task_Cypress_Zmysnyi/build/CY8CPROTO-062-4343W/Debug/libs/psoc6pdl/drivers/source/cy_syspm.o
                0x10006c3c                Cy_SysPm_SystemSetMinRegulatorCurrent
 .text.Cy_SysPm_SystemSetNormalRegulatorCurrent
                0x10006c90       0x64 D:/Project_Cypress/Task_Cypress_Zmysnyi/build/CY8CPROTO-062-4343W/Debug/libs/psoc6pdl/drivers/source/cy_syspm.o
                0x10006c90                Cy_SysPm_SystemSetNormalRegulatorCurrent
 .text.Cy_SysPm_LdoSetMode
                0x10006cf4       0x48 D:/Project_Cypress/Task_Cypress_Zmysnyi/build/CY8CPROTO-062-4343W/Debug/libs/psoc6pdl/drivers/source/cy_syspm.o
                0x10006cf4                Cy_SysPm_LdoSetMode
 .text.Cy_SysPm_RegisterCallback
                0x10006d3c       0x90 D:/Project_Cypress/Task_Cypress_Zmysnyi/build/CY8CPROTO-062-4343W/Debug/libs/psoc6pdl/drivers/source/cy_syspm.o
                0x10006d3c                Cy_SysPm_RegisterCallback
 .text.Cy_SysPm_UnregisterCallback
                0x10006dcc       0x5c D:/Project_Cypress/Task_Cypress_Zmysnyi/build/CY8CPROTO-062-4343W/Debug/libs/psoc6pdl/drivers/source/cy_syspm.o
                0x10006dcc                Cy_SysPm_UnregisterCallback
 .text.Cy_SysPm_WriteVoltageBitForFlash
                0x10006e28      0x118 D:/Project_Cypress/Task_Cypress_Zmysnyi/build/CY8CPROTO-062-4343W/Debug/libs/psoc6pdl/drivers/source/cy_syspm.o
                0x10006e28                Cy_SysPm_WriteVoltageBitForFlash
 .text.Cy_SysPm_LdoSetVoltage
                0x10006f40       0xcc D:/Project_Cypress/Task_Cypress_Zmysnyi/build/CY8CPROTO-062-4343W/Debug/libs/psoc6pdl/drivers/source/cy_syspm.o
                0x10006f40                Cy_SysPm_LdoSetVoltage
 .text.cy_retarget_io_putchar
                0x1000700c       0x10 D:/Project_Cypress/Task_Cypress_Zmysnyi/build/CY8CPROTO-062-4343W/Debug/libs/retarget-io/cy_retarget_io.o
 .text.cy_retarget_io_getchar
                0x1000701c       0x20 D:/Project_Cypress/Task_Cypress_Zmysnyi/build/CY8CPROTO-062-4343W/Debug/libs/retarget-io/cy_retarget_io.o
 .text._write   0x1000703c       0x22 D:/Project_Cypress/Task_Cypress_Zmysnyi/build/CY8CPROTO-062-4343W/Debug/libs/retarget-io/cy_retarget_io.o
                0x1000703c                _write
 .text._read    0x1000705e       0x28 D:/Project_Cypress/Task_Cypress_Zmysnyi/build/CY8CPROTO-062-4343W/Debug/libs/retarget-io/cy_retarget_io.o
                0x1000705e                _read
 *fill*         0x10007086        0x2 
 .text.cy_retarget_io_init
                0x10007088       0x4c D:/Project_Cypress/Task_Cypress_Zmysnyi/build/CY8CPROTO-062-4343W/Debug/libs/retarget-io/cy_retarget_io.o
                0x10007088                cy_retarget_io_init
 .text.gpio_interrupt_handler
                0x100070d4       0x14 D:/Project_Cypress/Task_Cypress_Zmysnyi/build/CY8CPROTO-062-4343W/Debug/main.o
 .text.main     0x100070e8      0x184 D:/Project_Cypress/Task_Cypress_Zmysnyi/build/CY8CPROTO-062-4343W/Debug/main.o
                0x100070e8                main
 .text          0x1000726c        0x4 c:/users/sony/modustoolbox/tools_2.0/gcc-7.2.1/bin/../lib/gcc/arm-none-eabi/7.2.1/thumb/v7e-m/fpv4-sp/softfp\libgcc.a(_dvmd_tls.o)
                0x1000726c                __aeabi_idiv0
                0x1000726c                __aeabi_ldiv0
 .text          0x10007270      0x378 c:/users/sony/modustoolbox/tools_2.0/gcc-7.2.1/bin/../lib/gcc/arm-none-eabi/7.2.1/thumb/v7e-m/fpv4-sp/softfp\libgcc.a(_arm_addsubdf3.o)
                0x10007270                __aeabi_drsub
                0x10007278                __aeabi_dsub
                0x10007278                __subdf3
                0x1000727c                __aeabi_dadd
                0x1000727c                __adddf3
                0x100074f4                __floatunsidf
                0x100074f4                __aeabi_ui2d
                0x10007514                __floatsidf
                0x10007514                __aeabi_i2d
                0x10007538                __aeabi_f2d
                0x10007538                __extendsfdf2
                0x1000757c                __floatundidf
                0x1000757c                __aeabi_ul2d
                0x1000758c                __floatdidf
                0x1000758c                __aeabi_l2d
 .text          0x100075e8      0x424 c:/users/sony/modustoolbox/tools_2.0/gcc-7.2.1/bin/../lib/gcc/arm-none-eabi/7.2.1/thumb/v7e-m/fpv4-sp/softfp\libgcc.a(_arm_muldivdf3.o)
                0x100075e8                __aeabi_dmul
                0x100075e8                __muldf3
                0x1000783c                __divdf3
                0x1000783c                __aeabi_ddiv
 .text          0x10007a0c       0xa0 c:/users/sony/modustoolbox/tools_2.0/gcc-7.2.1/bin/../lib/gcc/arm-none-eabi/7.2.1/thumb/v7e-m/fpv4-sp/softfp\libgcc.a(_arm_truncdfsf2.o)
                0x10007a0c                __truncdfsf2
                0x10007a0c                __aeabi_d2f
 .text          0x10007aac       0x30 c:/users/sony/modustoolbox/tools_2.0/gcc-7.2.1/bin/../lib/gcc/arm-none-eabi/7.2.1/thumb/v7e-m/fpv4-sp/softfp\libgcc.a(_aeabi_uldivmod.o)
                0x10007aac                __aeabi_uldivmod
 .text          0x10007adc      0x2cc c:/users/sony/modustoolbox/tools_2.0/gcc-7.2.1/bin/../lib/gcc/arm-none-eabi/7.2.1/thumb/v7e-m/fpv4-sp/softfp\libgcc.a(_udivmoddi4.o)
                0x10007adc                __udivmoddi4
 .text.__libc_fini_array
                0x10007da8       0x28 c:/users/sony/modustoolbox/tools_2.0/gcc-7.2.1/bin/../lib/gcc/arm-none-eabi/7.2.1/../../../../arm-none-eabi/lib/thumb/v7e-m/fpv4-sp/softfp\libg_nano.a(lib_a-fini.o)
                0x10007da8                __libc_fini_array
 .text.__libc_init_array
                0x10007dd0       0x48 c:/users/sony/modustoolbox/tools_2.0/gcc-7.2.1/bin/../lib/gcc/arm-none-eabi/7.2.1/../../../../arm-none-eabi/lib/thumb/v7e-m/fpv4-sp/softfp\libg_nano.a(lib_a-init.o)
                0x10007dd0                __libc_init_array
 .text.memcpy   0x10007e18       0x16 c:/users/sony/modustoolbox/tools_2.0/gcc-7.2.1/bin/../lib/gcc/arm-none-eabi/7.2.1/../../../../arm-none-eabi/lib/thumb/v7e-m/fpv4-sp/softfp\libg_nano.a(lib_a-memcpy-stub.o)
                0x10007e18                memcpy
 .text.memset   0x10007e2e       0x10 c:/users/sony/modustoolbox/tools_2.0/gcc-7.2.1/bin/../lib/gcc/arm-none-eabi/7.2.1/../../../../arm-none-eabi/lib/thumb/v7e-m/fpv4-sp/softfp\libg_nano.a(lib_a-memset.o)
                0x10007e2e                memset
 .text.__cvt    0x10007e3e       0xbc c:/users/sony/modustoolbox/tools_2.0/gcc-7.2.1/bin/../lib/gcc/arm-none-eabi/7.2.1/../../../../arm-none-eabi/lib/thumb/v7e-m/fpv4-sp/softfp\libg_nano.a(lib_a-nano-vfprintf_float.o)
                0x10007e3e                __cvt
 .text.__exponent
                0x10007efa       0x66 c:/users/sony/modustoolbox/tools_2.0/gcc-7.2.1/bin/../lib/gcc/arm-none-eabi/7.2.1/../../../../arm-none-eabi/lib/thumb/v7e-m/fpv4-sp/softfp\libg_nano.a(lib_a-nano-vfprintf_float.o)
                0x10007efa                __exponent
 .text._printf_float
                0x10007f60      0x48c c:/users/sony/modustoolbox/tools_2.0/gcc-7.2.1/bin/../lib/gcc/arm-none-eabi/7.2.1/../../../../arm-none-eabi/lib/thumb/v7e-m/fpv4-sp/softfp\libg_nano.a(lib_a-nano-vfprintf_float.o)
                0x10007f60                _printf_float
 .text._printf_common
                0x100083ec       0xea c:/users/sony/modustoolbox/tools_2.0/gcc-7.2.1/bin/../lib/gcc/arm-none-eabi/7.2.1/../../../../arm-none-eabi/lib/thumb/v7e-m/fpv4-sp/softfp\libg_nano.a(lib_a-nano-vfprintf_i.o)
                0x100083ec                _printf_common
 *fill*         0x100084d6        0x2 
 .text._printf_i
                0x100084d8      0x224 c:/users/sony/modustoolbox/tools_2.0/gcc-7.2.1/bin/../lib/gcc/arm-none-eabi/7.2.1/../../../../arm-none-eabi/lib/thumb/v7e-m/fpv4-sp/softfp\libg_nano.a(lib_a-nano-vfprintf_i.o)
                0x100084d8                _printf_i
 .text.printf   0x100086fc       0x30 c:/users/sony/modustoolbox/tools_2.0/gcc-7.2.1/bin/../lib/gcc/arm-none-eabi/7.2.1/../../../../arm-none-eabi/lib/thumb/v7e-m/fpv4-sp/softfp\libg_nano.a(lib_a-printf.o)
                0x100086fc                iprintf
                0x100086fc                printf
 .text          0x1000872c       0x10 c:/users/sony/modustoolbox/tools_2.0/gcc-7.2.1/bin/../lib/gcc/arm-none-eabi/7.2.1/../../../../arm-none-eabi/lib/thumb/v7e-m/fpv4-sp/softfp\libg_nano.a(lib_a-strlen.o)
                0x1000872c                strlen
 .text.strncpy  0x1000873c       0x2a c:/users/sony/modustoolbox/tools_2.0/gcc-7.2.1/bin/../lib/gcc/arm-none-eabi/7.2.1/../../../../arm-none-eabi/lib/thumb/v7e-m/fpv4-sp/softfp\libg_nano.a(lib_a-strncpy.o)
                0x1000873c                strncpy
 .text.quorem   0x10008766      0x118 c:/users/sony/modustoolbox/tools_2.0/gcc-7.2.1/bin/../lib/gcc/arm-none-eabi/7.2.1/../../../../arm-none-eabi/lib/thumb/v7e-m/fpv4-sp/softfp\libg_nano.a(lib_a-dtoa.o)
 *fill*         0x1000887e        0x2 
 .text._dtoa_r  0x10008880      0xb7c c:/users/sony/modustoolbox/tools_2.0/gcc-7.2.1/bin/../lib/gcc/arm-none-eabi/7.2.1/../../../../arm-none-eabi/lib/thumb/v7e-m/fpv4-sp/softfp\libg_nano.a(lib_a-dtoa.o)
                0x10008880                _dtoa_r
 .text.std      0x100093fc       0x48 c:/users/sony/modustoolbox/tools_2.0/gcc-7.2.1/bin/../lib/gcc/arm-none-eabi/7.2.1/../../../../arm-none-eabi/lib/thumb/v7e-m/fpv4-sp/softfp\libg_nano.a(lib_a-findfp.o)
 .text._cleanup_r
                0x10009444        0xc c:/users/sony/modustoolbox/tools_2.0/gcc-7.2.1/bin/../lib/gcc/arm-none-eabi/7.2.1/../../../../arm-none-eabi/lib/thumb/v7e-m/fpv4-sp/softfp\libg_nano.a(lib_a-findfp.o)
                0x10009444                _cleanup_r
 .text.__sfmoreglue
                0x10009450       0x2c c:/users/sony/modustoolbox/tools_2.0/gcc-7.2.1/bin/../lib/gcc/arm-none-eabi/7.2.1/../../../../arm-none-eabi/lib/thumb/v7e-m/fpv4-sp/softfp\libg_nano.a(lib_a-findfp.o)
                0x10009450                __sfmoreglue
 .text.__sinit  0x1000947c       0x60 c:/users/sony/modustoolbox/tools_2.0/gcc-7.2.1/bin/../lib/gcc/arm-none-eabi/7.2.1/../../../../arm-none-eabi/lib/thumb/v7e-m/fpv4-sp/softfp\libg_nano.a(lib_a-findfp.o)
                0x1000947c                __sinit
 .text.__sfp    0x100094dc       0x78 c:/users/sony/modustoolbox/tools_2.0/gcc-7.2.1/bin/../lib/gcc/arm-none-eabi/7.2.1/../../../../arm-none-eabi/lib/thumb/v7e-m/fpv4-sp/softfp\libg_nano.a(lib_a-findfp.o)
                0x100094dc                __sfp
 .text._fwalk_reent
                0x10009554       0x3c c:/users/sony/modustoolbox/tools_2.0/gcc-7.2.1/bin/../lib/gcc/arm-none-eabi/7.2.1/../../../../arm-none-eabi/lib/thumb/v7e-m/fpv4-sp/softfp\libg_nano.a(lib_a-fwalk.o)
                0x10009554                _fwalk_reent
 .text._localeconv_r
                0x10009590       0x1c c:/users/sony/modustoolbox/tools_2.0/gcc-7.2.1/bin/../lib/gcc/arm-none-eabi/7.2.1/../../../../arm-none-eabi/lib/thumb/v7e-m/fpv4-sp/softfp\libg_nano.a(lib_a-localeconv.o)
                0x10009590                _localeconv_r
 .text.malloc   0x100095ac       0x10 c:/users/sony/modustoolbox/tools_2.0/gcc-7.2.1/bin/../lib/gcc/arm-none-eabi/7.2.1/../../../../arm-none-eabi/lib/thumb/v7e-m/fpv4-sp/softfp\libg_nano.a(lib_a-malloc.o)
                0x100095ac                malloc
 .text.__ascii_mbtowc
                0x100095bc       0x24 c:/users/sony/modustoolbox/tools_2.0/gcc-7.2.1/bin/../lib/gcc/arm-none-eabi/7.2.1/../../../../arm-none-eabi/lib/thumb/v7e-m/fpv4-sp/softfp\libg_nano.a(lib_a-mbtowc_r.o)
                0x100095bc                __ascii_mbtowc
 .text          0x100095e0       0xa0 c:/users/sony/modustoolbox/tools_2.0/gcc-7.2.1/bin/../lib/gcc/arm-none-eabi/7.2.1/../../../../arm-none-eabi/lib/thumb/v7e-m/fpv4-sp/softfp\libg_nano.a(lib_a-memchr.o)
                0x100095e0                memchr
 .text._Balloc  0x10009680       0x68 c:/users/sony/modustoolbox/tools_2.0/gcc-7.2.1/bin/../lib/gcc/arm-none-eabi/7.2.1/../../../../arm-none-eabi/lib/thumb/v7e-m/fpv4-sp/softfp\libg_nano.a(lib_a-mprec.o)
                0x10009680                _Balloc
 .text._Bfree   0x100096e8       0x2e c:/users/sony/modustoolbox/tools_2.0/gcc-7.2.1/bin/../lib/gcc/arm-none-eabi/7.2.1/../../../../arm-none-eabi/lib/thumb/v7e-m/fpv4-sp/softfp\libg_nano.a(lib_a-mprec.o)
                0x100096e8                _Bfree
 .text.__multadd
                0x10009716       0x76 c:/users/sony/modustoolbox/tools_2.0/gcc-7.2.1/bin/../lib/gcc/arm-none-eabi/7.2.1/../../../../arm-none-eabi/lib/thumb/v7e-m/fpv4-sp/softfp\libg_nano.a(lib_a-mprec.o)
                0x10009716                __multadd
 .text.__hi0bits
                0x1000978c       0x3e c:/users/sony/modustoolbox/tools_2.0/gcc-7.2.1/bin/../lib/gcc/arm-none-eabi/7.2.1/../../../../arm-none-eabi/lib/thumb/v7e-m/fpv4-sp/softfp\libg_nano.a(lib_a-mprec.o)
                0x1000978c                __hi0bits
 .text.__lo0bits
                0x100097ca       0x5e c:/users/sony/modustoolbox/tools_2.0/gcc-7.2.1/bin/../lib/gcc/arm-none-eabi/7.2.1/../../../../arm-none-eabi/lib/thumb/v7e-m/fpv4-sp/softfp\libg_nano.a(lib_a-mprec.o)
                0x100097ca                __lo0bits
 .text.__i2b    0x10009828       0x12 c:/users/sony/modustoolbox/tools_2.0/gcc-7.2.1/bin/../lib/gcc/arm-none-eabi/7.2.1/../../../../arm-none-eabi/lib/thumb/v7e-m/fpv4-sp/softfp\libg_nano.a(lib_a-mprec.o)
                0x10009828                __i2b
 .text.__multiply
                0x1000983a      0x12c c:/users/sony/modustoolbox/tools_2.0/gcc-7.2.1/bin/../lib/gcc/arm-none-eabi/7.2.1/../../../../arm-none-eabi/lib/thumb/v7e-m/fpv4-sp/softfp\libg_nano.a(lib_a-mprec.o)
                0x1000983a                __multiply
 *fill*         0x10009966        0x2 
 .text.__pow5mult
                0x10009968       0x9c c:/users/sony/modustoolbox/tools_2.0/gcc-7.2.1/bin/../lib/gcc/arm-none-eabi/7.2.1/../../../../arm-none-eabi/lib/thumb/v7e-m/fpv4-sp/softfp\libg_nano.a(lib_a-mprec.o)
                0x10009968                __pow5mult
 .text.__lshift
                0x10009a04       0xa8 c:/users/sony/modustoolbox/tools_2.0/gcc-7.2.1/bin/../lib/gcc/arm-none-eabi/7.2.1/../../../../arm-none-eabi/lib/thumb/v7e-m/fpv4-sp/softfp\libg_nano.a(lib_a-mprec.o)
                0x10009a04                __lshift
 .text.__mcmp   0x10009aac       0x34 c:/users/sony/modustoolbox/tools_2.0/gcc-7.2.1/bin/../lib/gcc/arm-none-eabi/7.2.1/../../../../arm-none-eabi/lib/thumb/v7e-m/fpv4-sp/softfp\libg_nano.a(lib_a-mprec.o)
                0x10009aac                __mcmp
 .text.__mdiff  0x10009ae0       0xba c:/users/sony/modustoolbox/tools_2.0/gcc-7.2.1/bin/../lib/gcc/arm-none-eabi/7.2.1/../../../../arm-none-eabi/lib/thumb/v7e-m/fpv4-sp/softfp\libg_nano.a(lib_a-mprec.o)
                0x10009ae0                __mdiff
 .text.__d2b    0x10009b9a       0x9e c:/users/sony/modustoolbox/tools_2.0/gcc-7.2.1/bin/../lib/gcc/arm-none-eabi/7.2.1/../../../../arm-none-eabi/lib/thumb/v7e-m/fpv4-sp/softfp\libg_nano.a(lib_a-mprec.o)
                0x10009b9a                __d2b
 .text._calloc_r
                0x10009c38       0x1c c:/users/sony/modustoolbox/tools_2.0/gcc-7.2.1/bin/../lib/gcc/arm-none-eabi/7.2.1/../../../../arm-none-eabi/lib/thumb/v7e-m/fpv4-sp/softfp\libg_nano.a(lib_a-nano-callocr.o)
                0x10009c38                _calloc_r
 .text._free_r  0x10009c54       0x9c c:/users/sony/modustoolbox/tools_2.0/gcc-7.2.1/bin/../lib/gcc/arm-none-eabi/7.2.1/../../../../arm-none-eabi/lib/thumb/v7e-m/fpv4-sp/softfp\libg_nano.a(lib_a-nano-freer.o)
                0x10009c54                _free_r
 .text._malloc_r
                0x10009cf0       0xb4 c:/users/sony/modustoolbox/tools_2.0/gcc-7.2.1/bin/../lib/gcc/arm-none-eabi/7.2.1/../../../../arm-none-eabi/lib/thumb/v7e-m/fpv4-sp/softfp\libg_nano.a(lib_a-nano-mallocr.o)
                0x10009cf0                _malloc_r
 .text.__sfputc_r
                0x10009da4       0x2e c:/users/sony/modustoolbox/tools_2.0/gcc-7.2.1/bin/../lib/gcc/arm-none-eabi/7.2.1/../../../../arm-none-eabi/lib/thumb/v7e-m/fpv4-sp/softfp\libg_nano.a(lib_a-nano-vfprintf.o)
 .text.__sfputs_r
                0x10009dd2       0x24 c:/users/sony/modustoolbox/tools_2.0/gcc-7.2.1/bin/../lib/gcc/arm-none-eabi/7.2.1/../../../../arm-none-eabi/lib/thumb/v7e-m/fpv4-sp/softfp\libg_nano.a(lib_a-nano-vfprintf.o)
                0x10009dd2                __sfputs_r
 *fill*         0x10009df6        0x2 
 .text._vfprintf_r
                0x10009df8      0x228 c:/users/sony/modustoolbox/tools_2.0/gcc-7.2.1/bin/../lib/gcc/arm-none-eabi/7.2.1/../../../../arm-none-eabi/lib/thumb/v7e-m/fpv4-sp/softfp\libg_nano.a(lib_a-nano-vfprintf.o)
                0x10009df8                _vfprintf_r
                0x10009df8                _vfiprintf_r
 .text._sbrk_r  0x1000a020       0x20 c:/users/sony/modustoolbox/tools_2.0/gcc-7.2.1/bin/../lib/gcc/arm-none-eabi/7.2.1/../../../../arm-none-eabi/lib/thumb/v7e-m/fpv4-sp/softfp\libg_nano.a(lib_a-sbrkr.o)
                0x1000a020                _sbrk_r
 .text.__sread  0x1000a040       0x22 c:/users/sony/modustoolbox/tools_2.0/gcc-7.2.1/bin/../lib/gcc/arm-none-eabi/7.2.1/../../../../arm-none-eabi/lib/thumb/v7e-m/fpv4-sp/softfp\libg_nano.a(lib_a-stdio.o)
                0x1000a040                __sread
 .text.__swrite
                0x1000a062       0x38 c:/users/sony/modustoolbox/tools_2.0/gcc-7.2.1/bin/../lib/gcc/arm-none-eabi/7.2.1/../../../../arm-none-eabi/lib/thumb/v7e-m/fpv4-sp/softfp\libg_nano.a(lib_a-stdio.o)
                0x1000a062                __swrite
 .text.__sseek  0x1000a09a       0x24 c:/users/sony/modustoolbox/tools_2.0/gcc-7.2.1/bin/../lib/gcc/arm-none-eabi/7.2.1/../../../../arm-none-eabi/lib/thumb/v7e-m/fpv4-sp/softfp\libg_nano.a(lib_a-stdio.o)
                0x1000a09a                __sseek
 .text.__sclose
                0x1000a0be        0x8 c:/users/sony/modustoolbox/tools_2.0/gcc-7.2.1/bin/../lib/gcc/arm-none-eabi/7.2.1/../../../../arm-none-eabi/lib/thumb/v7e-m/fpv4-sp/softfp\libg_nano.a(lib_a-stdio.o)
                0x1000a0be                __sclose
 *fill*         0x1000a0c6        0x2 
 .text.__swbuf_r
                0x1000a0c8       0xa4 c:/users/sony/modustoolbox/tools_2.0/gcc-7.2.1/bin/../lib/gcc/arm-none-eabi/7.2.1/../../../../arm-none-eabi/lib/thumb/v7e-m/fpv4-sp/softfp\libg_nano.a(lib_a-wbuf.o)
                0x1000a0c8                __swbuf_r
 .text.__ascii_wctomb
                0x1000a16c       0x1a c:/users/sony/modustoolbox/tools_2.0/gcc-7.2.1/bin/../lib/gcc/arm-none-eabi/7.2.1/../../../../arm-none-eabi/lib/thumb/v7e-m/fpv4-sp/softfp\libg_nano.a(lib_a-wctomb_r.o)
                0x1000a16c                __ascii_wctomb
 *fill*         0x1000a186        0x2 
 .text._write_r
                0x1000a188       0x24 c:/users/sony/modustoolbox/tools_2.0/gcc-7.2.1/bin/../lib/gcc/arm-none-eabi/7.2.1/../../../../arm-none-eabi/lib/thumb/v7e-m/fpv4-sp/softfp\libg_nano.a(lib_a-writer.o)
                0x1000a188                _write_r
 .text.__swsetup_r
                0x1000a1ac       0xdc c:/users/sony/modustoolbox/tools_2.0/gcc-7.2.1/bin/../lib/gcc/arm-none-eabi/7.2.1/../../../../arm-none-eabi/lib/thumb/v7e-m/fpv4-sp/softfp\libg_nano.a(lib_a-wsetup.o)
                0x1000a1ac                __swsetup_r
 .text._close_r
                0x1000a288       0x20 c:/users/sony/modustoolbox/tools_2.0/gcc-7.2.1/bin/../lib/gcc/arm-none-eabi/7.2.1/../../../../arm-none-eabi/lib/thumb/v7e-m/fpv4-sp/softfp\libg_nano.a(lib_a-closer.o)
                0x1000a288                _close_r
 .text.__sflush_r
                0x1000a2a8      0x10c c:/users/sony/modustoolbox/tools_2.0/gcc-7.2.1/bin/../lib/gcc/arm-none-eabi/7.2.1/../../../../arm-none-eabi/lib/thumb/v7e-m/fpv4-sp/softfp\libg_nano.a(lib_a-fflush.o)
                0x1000a2a8                __sflush_r
 .text._fflush_r
                0x1000a3b4       0x54 c:/users/sony/modustoolbox/tools_2.0/gcc-7.2.1/bin/../lib/gcc/arm-none-eabi/7.2.1/../../../../arm-none-eabi/lib/thumb/v7e-m/fpv4-sp/softfp\libg_nano.a(lib_a-fflush.o)
                0x1000a3b4                _fflush_r
 .text._lseek_r
                0x1000a408       0x24 c:/users/sony/modustoolbox/tools_2.0/gcc-7.2.1/bin/../lib/gcc/arm-none-eabi/7.2.1/../../../../arm-none-eabi/lib/thumb/v7e-m/fpv4-sp/softfp\libg_nano.a(lib_a-lseekr.o)
                0x1000a408                _lseek_r
 .text.__swhatbuf_r
                0x1000a42c       0x48 c:/users/sony/modustoolbox/tools_2.0/gcc-7.2.1/bin/../lib/gcc/arm-none-eabi/7.2.1/../../../../arm-none-eabi/lib/thumb/v7e-m/fpv4-sp/softfp\libg_nano.a(lib_a-makebuf.o)
                0x1000a42c                __swhatbuf_r
 .text.__smakebuf_r
                0x1000a474       0x80 c:/users/sony/modustoolbox/tools_2.0/gcc-7.2.1/bin/../lib/gcc/arm-none-eabi/7.2.1/../../../../arm-none-eabi/lib/thumb/v7e-m/fpv4-sp/softfp\libg_nano.a(lib_a-makebuf.o)
                0x1000a474                __smakebuf_r
 .text.__malloc_lock
                0x1000a4f4        0x2 c:/users/sony/modustoolbox/tools_2.0/gcc-7.2.1/bin/../lib/gcc/arm-none-eabi/7.2.1/../../../../arm-none-eabi/lib/thumb/v7e-m/fpv4-sp/softfp\libg_nano.a(lib_a-mlock.o)
                0x1000a4f4                __malloc_lock
 .text.__malloc_unlock
                0x1000a4f6        0x2 c:/users/sony/modustoolbox/tools_2.0/gcc-7.2.1/bin/../lib/gcc/arm-none-eabi/7.2.1/../../../../arm-none-eabi/lib/thumb/v7e-m/fpv4-sp/softfp\libg_nano.a(lib_a-mlock.o)
                0x1000a4f6                __malloc_unlock
 .text._read_r  0x1000a4f8       0x24 c:/users/sony/modustoolbox/tools_2.0/gcc-7.2.1/bin/../lib/gcc/arm-none-eabi/7.2.1/../../../../arm-none-eabi/lib/thumb/v7e-m/fpv4-sp/softfp\libg_nano.a(lib_a-readr.o)
                0x1000a4f8                _read_r
 .text._fstat_r
                0x1000a51c       0x24 c:/users/sony/modustoolbox/tools_2.0/gcc-7.2.1/bin/../lib/gcc/arm-none-eabi/7.2.1/../../../../arm-none-eabi/lib/thumb/v7e-m/fpv4-sp/softfp\libg_nano.a(lib_a-fstatr.o)
                0x1000a51c                _fstat_r
 .text._isatty_r
                0x1000a540       0x20 c:/users/sony/modustoolbox/tools_2.0/gcc-7.2.1/bin/../lib/gcc/arm-none-eabi/7.2.1/../../../../arm-none-eabi/lib/thumb/v7e-m/fpv4-sp/softfp\libg_nano.a(lib_a-isattyr.o)
                0x1000a540                _isatty_r
 .text          0x1000a560      0x110 c:/users/sony/modustoolbox/tools_2.0/gcc-7.2.1/bin/../lib/gcc/arm-none-eabi/7.2.1/thumb/v7e-m/fpv4-sp/softfp\libgcc.a(_arm_cmpdf2.o)
                0x1000a560                __gtdf2
                0x1000a560                __gedf2
                0x1000a568                __ltdf2
                0x1000a568                __ledf2
                0x1000a570                __nedf2
                0x1000a570                __eqdf2
                0x1000a570                __cmpdf2
                0x1000a5ec                __aeabi_cdrcmple
                0x1000a5fc                __aeabi_cdcmpeq
                0x1000a5fc                __aeabi_cdcmple
                0x1000a60c                __aeabi_dcmpeq
                0x1000a620                __aeabi_dcmplt
                0x1000a634                __aeabi_dcmple
                0x1000a648                __aeabi_dcmpge
                0x1000a65c                __aeabi_dcmpgt
 .text          0x1000a670       0x2c c:/users/sony/modustoolbox/tools_2.0/gcc-7.2.1/bin/../lib/gcc/arm-none-eabi/7.2.1/thumb/v7e-m/fpv4-sp/softfp\libgcc.a(_arm_unorddf2.o)
                0x1000a670                __unorddf2
                0x1000a670                __aeabi_dcmpun
 .text          0x1000a69c       0x50 c:/users/sony/modustoolbox/tools_2.0/gcc-7.2.1/bin/../lib/gcc/arm-none-eabi/7.2.1/thumb/v7e-m/fpv4-sp/softfp\libgcc.a(_arm_fixdfsi.o)
                0x1000a69c                __aeabi_d2iz
                0x1000a69c                __fixdfsi
 .text._close   0x1000a6ec       0x10 c:/users/sony/modustoolbox/tools_2.0/gcc-7.2.1/bin/../lib/gcc/arm-none-eabi/7.2.1/../../../../arm-none-eabi/lib/thumb/v7e-m/fpv4-sp/softfp\libnosys.a(close.o)
                0x1000a6ec                _close
 .text._fstat   0x1000a6fc       0x10 c:/users/sony/modustoolbox/tools_2.0/gcc-7.2.1/bin/../lib/gcc/arm-none-eabi/7.2.1/../../../../arm-none-eabi/lib/thumb/v7e-m/fpv4-sp/softfp\libnosys.a(fstat.o)
                0x1000a6fc                _fstat
 .text._isatty  0x1000a70c       0x10 c:/users/sony/modustoolbox/tools_2.0/gcc-7.2.1/bin/../lib/gcc/arm-none-eabi/7.2.1/../../../../arm-none-eabi/lib/thumb/v7e-m/fpv4-sp/softfp\libnosys.a(isatty.o)
                0x1000a70c                _isatty
 .text._lseek   0x1000a71c       0x10 c:/users/sony/modustoolbox/tools_2.0/gcc-7.2.1/bin/../lib/gcc/arm-none-eabi/7.2.1/../../../../arm-none-eabi/lib/thumb/v7e-m/fpv4-sp/softfp\libnosys.a(lseek.o)
                0x1000a71c                _lseek
 .text._sbrk    0x1000a72c       0x1c c:/users/sony/modustoolbox/tools_2.0/gcc-7.2.1/bin/../lib/gcc/arm-none-eabi/7.2.1/../../../../arm-none-eabi/lib/thumb/v7e-m/fpv4-sp/softfp\libnosys.a(sbrk.o)
                0x1000a72c                _sbrk
 *(.init)
 .init          0x1000a748        0x4 c:/users/sony/modustoolbox/tools_2.0/gcc-7.2.1/bin/../lib/gcc/arm-none-eabi/7.2.1/thumb/v7e-m/fpv4-sp/softfp/crti.o
                0x1000a748                _init
 .init          0x1000a74c        0x8 c:/users/sony/modustoolbox/tools_2.0/gcc-7.2.1/bin/../lib/gcc/arm-none-eabi/7.2.1/thumb/v7e-m/fpv4-sp/softfp/crtn.o
 *(.fini)
 .fini          0x1000a754        0x4 c:/users/sony/modustoolbox/tools_2.0/gcc-7.2.1/bin/../lib/gcc/arm-none-eabi/7.2.1/thumb/v7e-m/fpv4-sp/softfp/crti.o
                0x1000a754                _fini
 .fini          0x1000a758        0x8 c:/users/sony/modustoolbox/tools_2.0/gcc-7.2.1/bin/../lib/gcc/arm-none-eabi/7.2.1/thumb/v7e-m/fpv4-sp/softfp/crtn.o
 *crtbegin.o(.ctors)
 *crtbegin?.o(.ctors)
 *(EXCLUDE_FILE(*crtend.o *crtend?.o) .ctors)
 *(SORT_BY_NAME(.ctors.*))
 *(.ctors)
 *crtbegin.o(.dtors)
 *crtbegin?.o(.dtors)
 *(EXCLUDE_FILE(*crtend.o *crtend?.o) .dtors)
 *(SORT_BY_NAME(.dtors.*))
 *(.dtors)
 *(.rodata .rodata.* .constdata .constdata.* .conststring .conststring.*)
 .rodata.CYBSP_CSD_CLK_DIV_obj
                0x1000a760        0x3 D:/Project_Cypress/Task_Cypress_Zmysnyi/build/CY8CPROTO-062-4343W/Debug/libs/TARGET_CY8CPROTO-062-4343W/COMPONENT_BSP_DESIGN_MODUS/GeneratedSource/cycfg_clocks.o
                0x1000a760                CYBSP_CSD_CLK_DIV_obj
 *fill*         0x1000a763        0x1 
 .rodata.peri_0_div_8_1_obj
                0x1000a764        0x3 D:/Project_Cypress/Task_Cypress_Zmysnyi/build/CY8CPROTO-062-4343W/Debug/libs/TARGET_CY8CPROTO-062-4343W/COMPONENT_BSP_DESIGN_MODUS/GeneratedSource/cycfg_clocks.o
                0x1000a764                peri_0_div_8_1_obj
 *fill*         0x1000a767        0x1 
 .rodata.AREF_config
                0x1000a768       0x10 D:/Project_Cypress/Task_Cypress_Zmysnyi/build/CY8CPROTO-062-4343W/Debug/libs/TARGET_CY8CPROTO-062-4343W/COMPONENT_BSP_DESIGN_MODUS/GeneratedSource/cycfg_peripherals.o
                0x1000a768                AREF_config
 .rodata.RTC_config
                0x1000a778       0x20 D:/Project_Cypress/Task_Cypress_Zmysnyi/build/CY8CPROTO-062-4343W/Debug/libs/TARGET_CY8CPROTO-062-4343W/COMPONENT_BSP_DESIGN_MODUS/GeneratedSource/cycfg_peripherals.o
                0x1000a778                RTC_config
 .rodata.RTC_obj
                0x1000a798        0x3 D:/Project_Cypress/Task_Cypress_Zmysnyi/build/CY8CPROTO-062-4343W/Debug/libs/TARGET_CY8CPROTO-062-4343W/COMPONENT_BSP_DESIGN_MODUS/GeneratedSource/cycfg_peripherals.o
                0x1000a798                RTC_obj
 *fill*         0x1000a79b        0x1 
 .rodata.SAR_config
                0x1000a79c       0x78 D:/Project_Cypress/Task_Cypress_Zmysnyi/build/CY8CPROTO-062-4343W/Debug/libs/TARGET_CY8CPROTO-062-4343W/COMPONENT_BSP_DESIGN_MODUS/GeneratedSource/cycfg_peripherals.o
                0x1000a79c                SAR_config
 .rodata.SAR_obj
                0x1000a814        0x3 D:/Project_Cypress/Task_Cypress_Zmysnyi/build/CY8CPROTO-062-4343W/Debug/libs/TARGET_CY8CPROTO-062-4343W/COMPONENT_BSP_DESIGN_MODUS/GeneratedSource/cycfg_peripherals.o
                0x1000a814                SAR_obj
 *fill*         0x1000a817        0x1 
 .rodata.sdhc_1_obj
                0x1000a818        0x3 D:/Project_Cypress/Task_Cypress_Zmysnyi/build/CY8CPROTO-062-4343W/Debug/libs/TARGET_CY8CPROTO-062-4343W/COMPONENT_BSP_DESIGN_MODUS/GeneratedSource/cycfg_peripherals.o
                0x1000a818                sdhc_1_obj
 *fill*         0x1000a81b        0x1 
 .rodata.BUTTON_config
                0x1000a81c       0x34 D:/Project_Cypress/Task_Cypress_Zmysnyi/build/CY8CPROTO-062-4343W/Debug/libs/TARGET_CY8CPROTO-062-4343W/COMPONENT_BSP_DESIGN_MODUS/GeneratedSource/cycfg_pins.o
                0x1000a81c                BUTTON_config
 .rodata.BUTTON_obj
                0x1000a850        0x3 D:/Project_Cypress/Task_Cypress_Zmysnyi/build/CY8CPROTO-062-4343W/Debug/libs/TARGET_CY8CPROTO-062-4343W/COMPONENT_BSP_DESIGN_MODUS/GeneratedSource/cycfg_pins.o
                0x1000a850                BUTTON_obj
 *fill*         0x1000a853        0x1 
 .rodata.CYBSP_CINA_obj
                0x1000a854        0x3 D:/Project_Cypress/Task_Cypress_Zmysnyi/build/CY8CPROTO-062-4343W/Debug/libs/TARGET_CY8CPROTO-062-4343W/COMPONENT_BSP_DESIGN_MODUS/GeneratedSource/cycfg_pins.o
                0x1000a854                CYBSP_CINA_obj
 *fill*         0x1000a857        0x1 
 .rodata.CYBSP_CINB_obj
                0x1000a858        0x3 D:/Project_Cypress/Task_Cypress_Zmysnyi/build/CY8CPROTO-062-4343W/Debug/libs/TARGET_CY8CPROTO-062-4343W/COMPONENT_BSP_DESIGN_MODUS/GeneratedSource/cycfg_pins.o
                0x1000a858                CYBSP_CINB_obj
 *fill*         0x1000a85b        0x1 
 .rodata.CYBSP_CMOD_obj
                0x1000a85c        0x3 D:/Project_Cypress/Task_Cypress_Zmysnyi/build/CY8CPROTO-062-4343W/Debug/libs/TARGET_CY8CPROTO-062-4343W/COMPONENT_BSP_DESIGN_MODUS/GeneratedSource/cycfg_pins.o
                0x1000a85c                CYBSP_CMOD_obj
 *fill*         0x1000a85f        0x1 
 .rodata.CYBSP_CSD_BTN0_obj
                0x1000a860        0x3 D:/Project_Cypress/Task_Cypress_Zmysnyi/build/CY8CPROTO-062-4343W/Debug/libs/TARGET_CY8CPROTO-062-4343W/COMPONENT_BSP_DESIGN_MODUS/GeneratedSource/cycfg_pins.o
                0x1000a860                CYBSP_CSD_BTN0_obj
 *fill*         0x1000a863        0x1 
 .rodata.CYBSP_CSD_BTN1_obj
                0x1000a864        0x3 D:/Project_Cypress/Task_Cypress_Zmysnyi/build/CY8CPROTO-062-4343W/Debug/libs/TARGET_CY8CPROTO-062-4343W/COMPONENT_BSP_DESIGN_MODUS/GeneratedSource/cycfg_pins.o
                0x1000a864                CYBSP_CSD_BTN1_obj
 *fill*         0x1000a867        0x1 
 .rodata.CYBSP_CSD_SLD0_obj